<!doctype html public "-//w3c//dtd html 4.0 transitional//en">
<html><head>
<title>Static Call Graph - [.\BUILD\frdm_gpio.axf]</title></head>
<body><HR>
<H1>Static Call Graph for image .\BUILD\frdm_gpio.axf</H1><HR>
<BR><P>#&#060CALLGRAPH&#062# ARM Linker, 5060750: Last Updated: Wed Nov 28 20:40:33 2018
<BR><P>
<H3>Maximum Stack Usage =        840 bytes + Unknown(Cycles, Untraceable Function Pointers)</H3><H3>
Call chain for Maximum Stack Depth:</H3>
__sti___8_main_cpp_joystick &rArr; RGBmatrixPanel::RGBmatrixPanel(PinName, PinName, PinName, PinName, PinName, PinName, PinName, PinName, PinName, PinName, PinName, PinName, bool) &rArr; Adafruit_GFX::Adafruit_GFX__sub_object(short, short) &rArr; mbed::Stream::Stream__sub_object(const char*) &rArr; mbed::fdopen(mbed::FileHandle*, const char*) &rArr; fopen &rArr; freopen &rArr; _fclose_internal &rArr; _fflush &rArr; _writebuf &rArr; _sys_write &rArr; get_fhc(int) &rArr; __cxa_guard_release &rArr; mbed_assert_internal &rArr; mbed_error_printf &rArr; serial_init &rArr;  mbed_assert_internal (Cycle)
<P>
<H3>
Mutually Recursive functions
</H3> <LI><a href="#[14]">HardFault_Handler</a>&nbsp;&nbsp;&nbsp;&rArr;&nbsp;&nbsp;&nbsp;<a href="#[14]">HardFault_Handler</a><BR>
 <LI><a href="#[15]">MemManage_Handler</a>&nbsp;&nbsp;&nbsp;&rArr;&nbsp;&nbsp;&nbsp;<a href="#[15]">MemManage_Handler</a><BR>
 <LI><a href="#[16]">BusFault_Handler</a>&nbsp;&nbsp;&nbsp;&rArr;&nbsp;&nbsp;&nbsp;<a href="#[16]">BusFault_Handler</a><BR>
 <LI><a href="#[17]">UsageFault_Handler</a>&nbsp;&nbsp;&nbsp;&rArr;&nbsp;&nbsp;&nbsp;<a href="#[17]">UsageFault_Handler</a><BR>
 <LI><a href="#[18]">SVC_Handler</a>&nbsp;&nbsp;&nbsp;&rArr;&nbsp;&nbsp;&nbsp;<a href="#[18]">SVC_Handler</a><BR>
 <LI><a href="#[19]">DebugMon_Handler</a>&nbsp;&nbsp;&nbsp;&rArr;&nbsp;&nbsp;&nbsp;<a href="#[19]">DebugMon_Handler</a><BR>
 <LI><a href="#[1a]">PendSV_Handler</a>&nbsp;&nbsp;&nbsp;&rArr;&nbsp;&nbsp;&nbsp;<a href="#[1a]">PendSV_Handler</a><BR>
 <LI><a href="#[1b]">SysTick_Handler</a>&nbsp;&nbsp;&nbsp;&rArr;&nbsp;&nbsp;&nbsp;<a href="#[1b]">SysTick_Handler</a><BR>
 <LI><a href="#[1ab]">UART_SetBaudRate</a>&nbsp;&nbsp;&nbsp;&rArr;&nbsp;&nbsp;&nbsp;<a href="#[14d]">__aeabi_assert</a><BR>
 <LI><a href="#[1a0]">CLOCK_GetPll0Freq</a>&nbsp;&nbsp;&nbsp;&rArr;&nbsp;&nbsp;&nbsp;<a href="#[14d]">__aeabi_assert</a><BR>
 <LI><a href="#[19d]">CLOCK_GetFllRefClkFreq</a>&nbsp;&nbsp;&nbsp;&rArr;&nbsp;&nbsp;&nbsp;<a href="#[14d]">__aeabi_assert</a><BR>
 <LI><a href="#[19f]">CLOCK_GetOutClkFreq</a>&nbsp;&nbsp;&nbsp;&rArr;&nbsp;&nbsp;&nbsp;<a href="#[14d]">__aeabi_assert</a><BR>
 <LI><a href="#[19e]">CLOCK_GetFreq</a>&nbsp;&nbsp;&nbsp;&rArr;&nbsp;&nbsp;&nbsp;<a href="#[14d]">__aeabi_assert</a><BR>
 <LI><a href="#[1d3]">core_util_critical_section_enter</a>&nbsp;&nbsp;&nbsp;&rArr;&nbsp;&nbsp;&nbsp;<a href="#[1b2]">mbed_assert_internal</a><BR>
 <LI><a href="#[1cc]">gpio_write</a>&nbsp;&nbsp;&nbsp;&rArr;&nbsp;&nbsp;&nbsp;<a href="#[1b2]">mbed_assert_internal</a><BR>
 <LI><a href="#[225]">pin_mode</a>&nbsp;&nbsp;&nbsp;&rArr;&nbsp;&nbsp;&nbsp;<a href="#[1b2]">mbed_assert_internal</a><BR>
 <LI><a href="#[223]">pin_function</a>&nbsp;&nbsp;&nbsp;&rArr;&nbsp;&nbsp;&nbsp;<a href="#[1b2]">mbed_assert_internal</a><BR>
 <LI><a href="#[221]">gpio_dir</a>&nbsp;&nbsp;&nbsp;&rArr;&nbsp;&nbsp;&nbsp;<a href="#[1b2]">mbed_assert_internal</a><BR>
 <LI><a href="#[218]">hal_critical_section_exit</a>&nbsp;&nbsp;&nbsp;&rArr;&nbsp;&nbsp;&nbsp;<a href="#[1b2]">mbed_assert_internal</a><BR>
 <LI><a href="#[227]">initialize</a>&nbsp;&nbsp;&nbsp;&rArr;&nbsp;&nbsp;&nbsp;<a href="#[1b2]">mbed_assert_internal</a><BR>
 <LI><a href="#[135]">exit</a>&nbsp;&nbsp;&nbsp;&rArr;&nbsp;&nbsp;&nbsp;<a href="#[142]">fflush</a><BR>
 <LI><a href="#[21d]">print_error_report</a>&nbsp;&nbsp;&nbsp;&rArr;&nbsp;&nbsp;&nbsp;<a href="#[236]">mbed_error_printf</a><BR>
 <LI><a href="#[1aa]">UART_Init</a>&nbsp;&nbsp;&nbsp;&rArr;&nbsp;&nbsp;&nbsp;<a href="#[14d]">__aeabi_assert</a><BR>
 <LI><a href="#[1a8]">UART_GetDefaultConfig</a>&nbsp;&nbsp;&nbsp;&rArr;&nbsp;&nbsp;&nbsp;<a href="#[14d]">__aeabi_assert</a><BR>
 <LI><a href="#[1ba]">serial_init</a>&nbsp;&nbsp;&nbsp;&rArr;&nbsp;&nbsp;&nbsp;<a href="#[1b2]">mbed_assert_internal</a><BR>
 <LI><a href="#[215]">core_util_atomic_decr_u16</a>&nbsp;&nbsp;&nbsp;&rArr;&nbsp;&nbsp;&nbsp;<a href="#[215]">core_util_atomic_decr_u16</a><BR>
 <LI><a href="#[216]">core_util_atomic_incr_u16</a>&nbsp;&nbsp;&nbsp;&rArr;&nbsp;&nbsp;&nbsp;<a href="#[216]">core_util_atomic_incr_u16</a><BR>
</UL>
<P>
<H3>
Function Pointers
</H3><UL>
 <LI><a href="#[a7]">&lang;Func3&rang;</a> from mbed/TARGET_K64F/TOOLCHAIN_ARM_STD/mbed.ar(SerialBase.o)(i.<Func3>) referenced from mbed/TARGET_K64F/TOOLCHAIN_ARM_STD/mbed.ar(SerialBase.o)(i._ZN4mbed10SerialBaseC1E7PinNameS1_i)
 <LI><a href="#[43]">ADC0_IRQHandler</a> from mbed/TARGET_K64F/TOOLCHAIN_ARM_STD/startup_MK64F12.o(.text) referenced from mbed/TARGET_K64F/TOOLCHAIN_ARM_STD/startup_MK64F12.o(RESET)
 <LI><a href="#[65]">ADC1_IRQHandler</a> from mbed/TARGET_K64F/TOOLCHAIN_ARM_STD/startup_MK64F12.o(.text) referenced from mbed/TARGET_K64F/TOOLCHAIN_ARM_STD/startup_MK64F12.o(RESET)
 <LI><a href="#[16]">BusFault_Handler</a> from mbed/TARGET_K64F/TOOLCHAIN_ARM_STD/startup_MK64F12.o(.text) referenced from mbed/TARGET_K64F/TOOLCHAIN_ARM_STD/startup_MK64F12.o(RESET)
 <LI><a href="#[68]">CAN0_Bus_Off_IRQHandler</a> from mbed/TARGET_K64F/TOOLCHAIN_ARM_STD/startup_MK64F12.o(.text) referenced from mbed/TARGET_K64F/TOOLCHAIN_ARM_STD/startup_MK64F12.o(RESET)
 <LI><a href="#[9b]">CAN0_DriverIRQHandler</a> from mbed/TARGET_K64F/TOOLCHAIN_ARM_STD/fsl_flexcan.o(i.CAN0_DriverIRQHandler) referenced from mbed/TARGET_K64F/TOOLCHAIN_ARM_STD/startup_MK64F12.o(.text)
 <LI><a href="#[69]">CAN0_Error_IRQHandler</a> from mbed/TARGET_K64F/TOOLCHAIN_ARM_STD/startup_MK64F12.o(.text) referenced from mbed/TARGET_K64F/TOOLCHAIN_ARM_STD/startup_MK64F12.o(RESET)
 <LI><a href="#[67]">CAN0_ORed_Message_buffer_IRQHandler</a> from mbed/TARGET_K64F/TOOLCHAIN_ARM_STD/startup_MK64F12.o(.text) referenced from mbed/TARGET_K64F/TOOLCHAIN_ARM_STD/startup_MK64F12.o(RESET)
 <LI><a href="#[6b]">CAN0_Rx_Warning_IRQHandler</a> from mbed/TARGET_K64F/TOOLCHAIN_ARM_STD/startup_MK64F12.o(.text) referenced from mbed/TARGET_K64F/TOOLCHAIN_ARM_STD/startup_MK64F12.o(RESET)
 <LI><a href="#[6a]">CAN0_Tx_Warning_IRQHandler</a> from mbed/TARGET_K64F/TOOLCHAIN_ARM_STD/startup_MK64F12.o(.text) referenced from mbed/TARGET_K64F/TOOLCHAIN_ARM_STD/startup_MK64F12.o(RESET)
 <LI><a href="#[6c]">CAN0_Wake_Up_IRQHandler</a> from mbed/TARGET_K64F/TOOLCHAIN_ARM_STD/startup_MK64F12.o(.text) referenced from mbed/TARGET_K64F/TOOLCHAIN_ARM_STD/startup_MK64F12.o(RESET)
 <LI><a href="#[44]">CMP0_IRQHandler</a> from mbed/TARGET_K64F/TOOLCHAIN_ARM_STD/startup_MK64F12.o(.text) referenced from mbed/TARGET_K64F/TOOLCHAIN_ARM_STD/startup_MK64F12.o(RESET)
 <LI><a href="#[45]">CMP1_IRQHandler</a> from mbed/TARGET_K64F/TOOLCHAIN_ARM_STD/startup_MK64F12.o(.text) referenced from mbed/TARGET_K64F/TOOLCHAIN_ARM_STD/startup_MK64F12.o(RESET)
 <LI><a href="#[62]">CMP2_IRQHandler</a> from mbed/TARGET_K64F/TOOLCHAIN_ARM_STD/startup_MK64F12.o(.text) referenced from mbed/TARGET_K64F/TOOLCHAIN_ARM_STD/startup_MK64F12.o(RESET)
 <LI><a href="#[49]">CMT_IRQHandler</a> from mbed/TARGET_K64F/TOOLCHAIN_ARM_STD/startup_MK64F12.o(.text) referenced from mbed/TARGET_K64F/TOOLCHAIN_ARM_STD/startup_MK64F12.o(RESET)
 <LI><a href="#[54]">DAC0_IRQHandler</a> from mbed/TARGET_K64F/TOOLCHAIN_ARM_STD/startup_MK64F12.o(.text) referenced from mbed/TARGET_K64F/TOOLCHAIN_ARM_STD/startup_MK64F12.o(RESET)
 <LI><a href="#[64]">DAC1_IRQHandler</a> from mbed/TARGET_K64F/TOOLCHAIN_ARM_STD/startup_MK64F12.o(.text) referenced from mbed/TARGET_K64F/TOOLCHAIN_ARM_STD/startup_MK64F12.o(RESET)
 <LI><a href="#[75]">DMA0_DriverIRQHandler</a> from mbed/TARGET_K64F/TOOLCHAIN_ARM_STD/fsl_edma.o(i.DMA0_DriverIRQHandler) referenced from mbed/TARGET_K64F/TOOLCHAIN_ARM_STD/startup_MK64F12.o(.text)
 <LI><a href="#[1c]">DMA0_IRQHandler</a> from mbed/TARGET_K64F/TOOLCHAIN_ARM_STD/startup_MK64F12.o(.text) referenced from mbed/TARGET_K64F/TOOLCHAIN_ARM_STD/startup_MK64F12.o(RESET)
 <LI><a href="#[7f]">DMA10_DriverIRQHandler</a> from mbed/TARGET_K64F/TOOLCHAIN_ARM_STD/fsl_edma.o(i.DMA10_DriverIRQHandler) referenced from mbed/TARGET_K64F/TOOLCHAIN_ARM_STD/startup_MK64F12.o(.text)
 <LI><a href="#[26]">DMA10_IRQHandler</a> from mbed/TARGET_K64F/TOOLCHAIN_ARM_STD/startup_MK64F12.o(.text) referenced from mbed/TARGET_K64F/TOOLCHAIN_ARM_STD/startup_MK64F12.o(RESET)
 <LI><a href="#[80]">DMA11_DriverIRQHandler</a> from mbed/TARGET_K64F/TOOLCHAIN_ARM_STD/fsl_edma.o(i.DMA11_DriverIRQHandler) referenced from mbed/TARGET_K64F/TOOLCHAIN_ARM_STD/startup_MK64F12.o(.text)
 <LI><a href="#[27]">DMA11_IRQHandler</a> from mbed/TARGET_K64F/TOOLCHAIN_ARM_STD/startup_MK64F12.o(.text) referenced from mbed/TARGET_K64F/TOOLCHAIN_ARM_STD/startup_MK64F12.o(RESET)
 <LI><a href="#[81]">DMA12_DriverIRQHandler</a> from mbed/TARGET_K64F/TOOLCHAIN_ARM_STD/fsl_edma.o(i.DMA12_DriverIRQHandler) referenced from mbed/TARGET_K64F/TOOLCHAIN_ARM_STD/startup_MK64F12.o(.text)
 <LI><a href="#[28]">DMA12_IRQHandler</a> from mbed/TARGET_K64F/TOOLCHAIN_ARM_STD/startup_MK64F12.o(.text) referenced from mbed/TARGET_K64F/TOOLCHAIN_ARM_STD/startup_MK64F12.o(RESET)
 <LI><a href="#[82]">DMA13_DriverIRQHandler</a> from mbed/TARGET_K64F/TOOLCHAIN_ARM_STD/fsl_edma.o(i.DMA13_DriverIRQHandler) referenced from mbed/TARGET_K64F/TOOLCHAIN_ARM_STD/startup_MK64F12.o(.text)
 <LI><a href="#[29]">DMA13_IRQHandler</a> from mbed/TARGET_K64F/TOOLCHAIN_ARM_STD/startup_MK64F12.o(.text) referenced from mbed/TARGET_K64F/TOOLCHAIN_ARM_STD/startup_MK64F12.o(RESET)
 <LI><a href="#[83]">DMA14_DriverIRQHandler</a> from mbed/TARGET_K64F/TOOLCHAIN_ARM_STD/fsl_edma.o(i.DMA14_DriverIRQHandler) referenced from mbed/TARGET_K64F/TOOLCHAIN_ARM_STD/startup_MK64F12.o(.text)
 <LI><a href="#[2a]">DMA14_IRQHandler</a> from mbed/TARGET_K64F/TOOLCHAIN_ARM_STD/startup_MK64F12.o(.text) referenced from mbed/TARGET_K64F/TOOLCHAIN_ARM_STD/startup_MK64F12.o(RESET)
 <LI><a href="#[84]">DMA15_DriverIRQHandler</a> from mbed/TARGET_K64F/TOOLCHAIN_ARM_STD/fsl_edma.o(i.DMA15_DriverIRQHandler) referenced from mbed/TARGET_K64F/TOOLCHAIN_ARM_STD/startup_MK64F12.o(.text)
 <LI><a href="#[2b]">DMA15_IRQHandler</a> from mbed/TARGET_K64F/TOOLCHAIN_ARM_STD/startup_MK64F12.o(.text) referenced from mbed/TARGET_K64F/TOOLCHAIN_ARM_STD/startup_MK64F12.o(RESET)
 <LI><a href="#[76]">DMA1_DriverIRQHandler</a> from mbed/TARGET_K64F/TOOLCHAIN_ARM_STD/fsl_edma.o(i.DMA1_DriverIRQHandler) referenced from mbed/TARGET_K64F/TOOLCHAIN_ARM_STD/startup_MK64F12.o(.text)
 <LI><a href="#[1d]">DMA1_IRQHandler</a> from mbed/TARGET_K64F/TOOLCHAIN_ARM_STD/startup_MK64F12.o(.text) referenced from mbed/TARGET_K64F/TOOLCHAIN_ARM_STD/startup_MK64F12.o(RESET)
 <LI><a href="#[77]">DMA2_DriverIRQHandler</a> from mbed/TARGET_K64F/TOOLCHAIN_ARM_STD/fsl_edma.o(i.DMA2_DriverIRQHandler) referenced from mbed/TARGET_K64F/TOOLCHAIN_ARM_STD/startup_MK64F12.o(.text)
 <LI><a href="#[1e]">DMA2_IRQHandler</a> from mbed/TARGET_K64F/TOOLCHAIN_ARM_STD/startup_MK64F12.o(.text) referenced from mbed/TARGET_K64F/TOOLCHAIN_ARM_STD/startup_MK64F12.o(RESET)
 <LI><a href="#[78]">DMA3_DriverIRQHandler</a> from mbed/TARGET_K64F/TOOLCHAIN_ARM_STD/fsl_edma.o(i.DMA3_DriverIRQHandler) referenced from mbed/TARGET_K64F/TOOLCHAIN_ARM_STD/startup_MK64F12.o(.text)
 <LI><a href="#[1f]">DMA3_IRQHandler</a> from mbed/TARGET_K64F/TOOLCHAIN_ARM_STD/startup_MK64F12.o(.text) referenced from mbed/TARGET_K64F/TOOLCHAIN_ARM_STD/startup_MK64F12.o(RESET)
 <LI><a href="#[79]">DMA4_DriverIRQHandler</a> from mbed/TARGET_K64F/TOOLCHAIN_ARM_STD/fsl_edma.o(i.DMA4_DriverIRQHandler) referenced from mbed/TARGET_K64F/TOOLCHAIN_ARM_STD/startup_MK64F12.o(.text)
 <LI><a href="#[20]">DMA4_IRQHandler</a> from mbed/TARGET_K64F/TOOLCHAIN_ARM_STD/startup_MK64F12.o(.text) referenced from mbed/TARGET_K64F/TOOLCHAIN_ARM_STD/startup_MK64F12.o(RESET)
 <LI><a href="#[7a]">DMA5_DriverIRQHandler</a> from mbed/TARGET_K64F/TOOLCHAIN_ARM_STD/fsl_edma.o(i.DMA5_DriverIRQHandler) referenced from mbed/TARGET_K64F/TOOLCHAIN_ARM_STD/startup_MK64F12.o(.text)
 <LI><a href="#[21]">DMA5_IRQHandler</a> from mbed/TARGET_K64F/TOOLCHAIN_ARM_STD/startup_MK64F12.o(.text) referenced from mbed/TARGET_K64F/TOOLCHAIN_ARM_STD/startup_MK64F12.o(RESET)
 <LI><a href="#[7b]">DMA6_DriverIRQHandler</a> from mbed/TARGET_K64F/TOOLCHAIN_ARM_STD/fsl_edma.o(i.DMA6_DriverIRQHandler) referenced from mbed/TARGET_K64F/TOOLCHAIN_ARM_STD/startup_MK64F12.o(.text)
 <LI><a href="#[22]">DMA6_IRQHandler</a> from mbed/TARGET_K64F/TOOLCHAIN_ARM_STD/startup_MK64F12.o(.text) referenced from mbed/TARGET_K64F/TOOLCHAIN_ARM_STD/startup_MK64F12.o(RESET)
 <LI><a href="#[7c]">DMA7_DriverIRQHandler</a> from mbed/TARGET_K64F/TOOLCHAIN_ARM_STD/fsl_edma.o(i.DMA7_DriverIRQHandler) referenced from mbed/TARGET_K64F/TOOLCHAIN_ARM_STD/startup_MK64F12.o(.text)
 <LI><a href="#[23]">DMA7_IRQHandler</a> from mbed/TARGET_K64F/TOOLCHAIN_ARM_STD/startup_MK64F12.o(.text) referenced from mbed/TARGET_K64F/TOOLCHAIN_ARM_STD/startup_MK64F12.o(RESET)
 <LI><a href="#[7d]">DMA8_DriverIRQHandler</a> from mbed/TARGET_K64F/TOOLCHAIN_ARM_STD/fsl_edma.o(i.DMA8_DriverIRQHandler) referenced from mbed/TARGET_K64F/TOOLCHAIN_ARM_STD/startup_MK64F12.o(.text)
 <LI><a href="#[24]">DMA8_IRQHandler</a> from mbed/TARGET_K64F/TOOLCHAIN_ARM_STD/startup_MK64F12.o(.text) referenced from mbed/TARGET_K64F/TOOLCHAIN_ARM_STD/startup_MK64F12.o(RESET)
 <LI><a href="#[7e]">DMA9_DriverIRQHandler</a> from mbed/TARGET_K64F/TOOLCHAIN_ARM_STD/fsl_edma.o(i.DMA9_DriverIRQHandler) referenced from mbed/TARGET_K64F/TOOLCHAIN_ARM_STD/startup_MK64F12.o(.text)
 <LI><a href="#[25]">DMA9_IRQHandler</a> from mbed/TARGET_K64F/TOOLCHAIN_ARM_STD/startup_MK64F12.o(.text) referenced from mbed/TARGET_K64F/TOOLCHAIN_ARM_STD/startup_MK64F12.o(RESET)
 <LI><a href="#[85]">DMA_Error_DriverIRQHandler</a> from mbed/TARGET_K64F/TOOLCHAIN_ARM_STD/startup_MK64F12.o(.text) referenced from mbed/TARGET_K64F/TOOLCHAIN_ARM_STD/startup_MK64F12.o(.text)
 <LI><a href="#[2c]">DMA_Error_IRQHandler</a> from mbed/TARGET_K64F/TOOLCHAIN_ARM_STD/startup_MK64F12.o(.text) referenced from mbed/TARGET_K64F/TOOLCHAIN_ARM_STD/startup_MK64F12.o(RESET)
 <LI><a href="#[19]">DebugMon_Handler</a> from mbed/TARGET_K64F/TOOLCHAIN_ARM_STD/startup_MK64F12.o(.text) referenced from mbed/TARGET_K64F/TOOLCHAIN_ARM_STD/startup_MK64F12.o(RESET)
 <LI><a href="#[72]">DefaultISR</a> from mbed/TARGET_K64F/TOOLCHAIN_ARM_STD/startup_MK64F12.o(.text) referenced 153 times from mbed/TARGET_K64F/TOOLCHAIN_ARM_STD/startup_MK64F12.o(RESET)
 <LI><a href="#[9d]">ENET_1588_Timer_DriverIRQHandler</a> from mbed/TARGET_K64F/TOOLCHAIN_ARM_STD/startup_MK64F12.o(.text) referenced from mbed/TARGET_K64F/TOOLCHAIN_ARM_STD/startup_MK64F12.o(.text)
 <LI><a href="#[6e]">ENET_1588_Timer_IRQHandler</a> from mbed/TARGET_K64F/TOOLCHAIN_ARM_STD/startup_MK64F12.o(.text) referenced from mbed/TARGET_K64F/TOOLCHAIN_ARM_STD/startup_MK64F12.o(RESET)
 <LI><a href="#[a0]">ENET_Error_DriverIRQHandler</a> from mbed/TARGET_K64F/TOOLCHAIN_ARM_STD/startup_MK64F12.o(.text) referenced from mbed/TARGET_K64F/TOOLCHAIN_ARM_STD/startup_MK64F12.o(.text)
 <LI><a href="#[71]">ENET_Error_IRQHandler</a> from mbed/TARGET_K64F/TOOLCHAIN_ARM_STD/fsl_enet.o(i.ENET_Error_IRQHandler) referenced from mbed/TARGET_K64F/TOOLCHAIN_ARM_STD/startup_MK64F12.o(RESET)
 <LI><a href="#[9f]">ENET_Receive_DriverIRQHandler</a> from mbed/TARGET_K64F/TOOLCHAIN_ARM_STD/startup_MK64F12.o(.text) referenced from mbed/TARGET_K64F/TOOLCHAIN_ARM_STD/startup_MK64F12.o(.text)
 <LI><a href="#[70]">ENET_Receive_IRQHandler</a> from mbed/TARGET_K64F/TOOLCHAIN_ARM_STD/fsl_enet.o(i.ENET_Receive_IRQHandler) referenced from mbed/TARGET_K64F/TOOLCHAIN_ARM_STD/startup_MK64F12.o(RESET)
 <LI><a href="#[9e]">ENET_Transmit_DriverIRQHandler</a> from mbed/TARGET_K64F/TOOLCHAIN_ARM_STD/startup_MK64F12.o(.text) referenced from mbed/TARGET_K64F/TOOLCHAIN_ARM_STD/startup_MK64F12.o(.text)
 <LI><a href="#[6f]">ENET_Transmit_IRQHandler</a> from mbed/TARGET_K64F/TOOLCHAIN_ARM_STD/fsl_enet.o(i.ENET_Transmit_IRQHandler) referenced from mbed/TARGET_K64F/TOOLCHAIN_ARM_STD/startup_MK64F12.o(RESET)
 <LI><a href="#[2e]">FTFE_IRQHandler</a> from mbed/TARGET_K64F/TOOLCHAIN_ARM_STD/startup_MK64F12.o(.text) referenced from mbed/TARGET_K64F/TOOLCHAIN_ARM_STD/startup_MK64F12.o(RESET)
 <LI><a href="#[46]">FTM0_IRQHandler</a> from mbed/TARGET_K64F/TOOLCHAIN_ARM_STD/startup_MK64F12.o(.text) referenced from mbed/TARGET_K64F/TOOLCHAIN_ARM_STD/startup_MK64F12.o(RESET)
 <LI><a href="#[47]">FTM1_IRQHandler</a> from mbed/TARGET_K64F/TOOLCHAIN_ARM_STD/startup_MK64F12.o(.text) referenced from mbed/TARGET_K64F/TOOLCHAIN_ARM_STD/startup_MK64F12.o(RESET)
 <LI><a href="#[48]">FTM2_IRQHandler</a> from mbed/TARGET_K64F/TOOLCHAIN_ARM_STD/startup_MK64F12.o(.text) referenced from mbed/TARGET_K64F/TOOLCHAIN_ARM_STD/startup_MK64F12.o(RESET)
 <LI><a href="#[63]">FTM3_IRQHandler</a> from mbed/TARGET_K64F/TOOLCHAIN_ARM_STD/startup_MK64F12.o(.text) referenced from mbed/TARGET_K64F/TOOLCHAIN_ARM_STD/startup_MK64F12.o(RESET)
 <LI><a href="#[14]">HardFault_Handler</a> from mbed/TARGET_K64F/TOOLCHAIN_ARM_STD/startup_MK64F12.o(.text) referenced from mbed/TARGET_K64F/TOOLCHAIN_ARM_STD/startup_MK64F12.o(RESET)
 <LI><a href="#[86]">I2C0_DriverIRQHandler</a> from mbed/TARGET_K64F/TOOLCHAIN_ARM_STD/fsl_i2c.o(i.I2C0_DriverIRQHandler) referenced from mbed/TARGET_K64F/TOOLCHAIN_ARM_STD/startup_MK64F12.o(.text)
 <LI><a href="#[34]">I2C0_IRQHandler</a> from mbed/TARGET_K64F/TOOLCHAIN_ARM_STD/startup_MK64F12.o(.text) referenced from mbed/TARGET_K64F/TOOLCHAIN_ARM_STD/startup_MK64F12.o(RESET)
 <LI><a href="#[87]">I2C1_DriverIRQHandler</a> from mbed/TARGET_K64F/TOOLCHAIN_ARM_STD/fsl_i2c.o(i.I2C1_DriverIRQHandler) referenced from mbed/TARGET_K64F/TOOLCHAIN_ARM_STD/startup_MK64F12.o(.text)
 <LI><a href="#[35]">I2C1_IRQHandler</a> from mbed/TARGET_K64F/TOOLCHAIN_ARM_STD/startup_MK64F12.o(.text) referenced from mbed/TARGET_K64F/TOOLCHAIN_ARM_STD/startup_MK64F12.o(RESET)
 <LI><a href="#[9a]">I2C2_DriverIRQHandler</a> from mbed/TARGET_K64F/TOOLCHAIN_ARM_STD/fsl_i2c.o(i.I2C2_DriverIRQHandler) referenced from mbed/TARGET_K64F/TOOLCHAIN_ARM_STD/startup_MK64F12.o(.text)
 <LI><a href="#[66]">I2C2_IRQHandler</a> from mbed/TARGET_K64F/TOOLCHAIN_ARM_STD/startup_MK64F12.o(.text) referenced from mbed/TARGET_K64F/TOOLCHAIN_ARM_STD/startup_MK64F12.o(RESET)
 <LI><a href="#[8b]">I2S0_Rx_DriverIRQHandler</a> from mbed/TARGET_K64F/TOOLCHAIN_ARM_STD/fsl_sai.o(i.I2S0_Rx_DriverIRQHandler) referenced from mbed/TARGET_K64F/TOOLCHAIN_ARM_STD/startup_MK64F12.o(.text)
 <LI><a href="#[39]">I2S0_Rx_IRQHandler</a> from mbed/TARGET_K64F/TOOLCHAIN_ARM_STD/startup_MK64F12.o(.text) referenced from mbed/TARGET_K64F/TOOLCHAIN_ARM_STD/startup_MK64F12.o(RESET)
 <LI><a href="#[8a]">I2S0_Tx_DriverIRQHandler</a> from mbed/TARGET_K64F/TOOLCHAIN_ARM_STD/fsl_sai.o(i.I2S0_Tx_DriverIRQHandler) referenced from mbed/TARGET_K64F/TOOLCHAIN_ARM_STD/startup_MK64F12.o(.text)
 <LI><a href="#[38]">I2S0_Tx_IRQHandler</a> from mbed/TARGET_K64F/TOOLCHAIN_ARM_STD/startup_MK64F12.o(.text) referenced from mbed/TARGET_K64F/TOOLCHAIN_ARM_STD/startup_MK64F12.o(RESET)
 <LI><a href="#[31]">LLWU_IRQHandler</a> from mbed/TARGET_K64F/TOOLCHAIN_ARM_STD/startup_MK64F12.o(.text) referenced from mbed/TARGET_K64F/TOOLCHAIN_ARM_STD/startup_MK64F12.o(RESET)
 <LI><a href="#[56]">LPTMR0_IRQHandler</a> from mbed/TARGET_K64F/TOOLCHAIN_ARM_STD/startup_MK64F12.o(.text) referenced from mbed/TARGET_K64F/TOOLCHAIN_ARM_STD/startup_MK64F12.o(RESET)
 <LI><a href="#[30]">LVD_LVW_IRQHandler</a> from mbed/TARGET_K64F/TOOLCHAIN_ARM_STD/startup_MK64F12.o(.text) referenced from mbed/TARGET_K64F/TOOLCHAIN_ARM_STD/startup_MK64F12.o(RESET)
 <LI><a href="#[55]">MCG_IRQHandler</a> from mbed/TARGET_K64F/TOOLCHAIN_ARM_STD/startup_MK64F12.o(.text) referenced from mbed/TARGET_K64F/TOOLCHAIN_ARM_STD/startup_MK64F12.o(RESET)
 <LI><a href="#[2d]">MCM_IRQHandler</a> from mbed/TARGET_K64F/TOOLCHAIN_ARM_STD/startup_MK64F12.o(.text) referenced from mbed/TARGET_K64F/TOOLCHAIN_ARM_STD/startup_MK64F12.o(RESET)
 <LI><a href="#[15]">MemManage_Handler</a> from mbed/TARGET_K64F/TOOLCHAIN_ARM_STD/startup_MK64F12.o(.text) referenced from mbed/TARGET_K64F/TOOLCHAIN_ARM_STD/startup_MK64F12.o(RESET)
 <LI><a href="#[13]">NMI_Handler</a> from mbed/TARGET_K64F/TOOLCHAIN_ARM_STD/mbed_overrides.o(i.NMI_Handler) referenced from mbed/TARGET_K64F/TOOLCHAIN_ARM_STD/startup_MK64F12.o(RESET)
 <LI><a href="#[50]">PDB0_IRQHandler</a> from mbed/TARGET_K64F/TOOLCHAIN_ARM_STD/startup_MK64F12.o(.text) referenced from mbed/TARGET_K64F/TOOLCHAIN_ARM_STD/startup_MK64F12.o(RESET)
 <LI><a href="#[4c]">PIT0_IRQHandler</a> from mbed/TARGET_K64F/TOOLCHAIN_ARM_STD/startup_MK64F12.o(.text) referenced from mbed/TARGET_K64F/TOOLCHAIN_ARM_STD/startup_MK64F12.o(RESET)
 <LI><a href="#[4d]">PIT1_IRQHandler</a> from mbed/TARGET_K64F/TOOLCHAIN_ARM_STD/startup_MK64F12.o(.text) referenced from mbed/TARGET_K64F/TOOLCHAIN_ARM_STD/startup_MK64F12.o(RESET)
 <LI><a href="#[4e]">PIT2_IRQHandler</a> from mbed/TARGET_K64F/TOOLCHAIN_ARM_STD/startup_MK64F12.o(.text) referenced from mbed/TARGET_K64F/TOOLCHAIN_ARM_STD/startup_MK64F12.o(RESET)
 <LI><a href="#[4f]">PIT3_IRQHandler</a> from mbed/TARGET_K64F/TOOLCHAIN_ARM_STD/startup_MK64F12.o(.text) referenced from mbed/TARGET_K64F/TOOLCHAIN_ARM_STD/startup_MK64F12.o(RESET)
 <LI><a href="#[57]">PORTA_IRQHandler</a> from mbed/TARGET_K64F/TOOLCHAIN_ARM_STD/startup_MK64F12.o(.text) referenced from mbed/TARGET_K64F/TOOLCHAIN_ARM_STD/startup_MK64F12.o(RESET)
 <LI><a href="#[58]">PORTB_IRQHandler</a> from mbed/TARGET_K64F/TOOLCHAIN_ARM_STD/startup_MK64F12.o(.text) referenced from mbed/TARGET_K64F/TOOLCHAIN_ARM_STD/startup_MK64F12.o(RESET)
 <LI><a href="#[59]">PORTC_IRQHandler</a> from mbed/TARGET_K64F/TOOLCHAIN_ARM_STD/startup_MK64F12.o(.text) referenced from mbed/TARGET_K64F/TOOLCHAIN_ARM_STD/startup_MK64F12.o(RESET)
 <LI><a href="#[5a]">PORTD_IRQHandler</a> from mbed/TARGET_K64F/TOOLCHAIN_ARM_STD/startup_MK64F12.o(.text) referenced from mbed/TARGET_K64F/TOOLCHAIN_ARM_STD/startup_MK64F12.o(RESET)
 <LI><a href="#[5b]">PORTE_IRQHandler</a> from mbed/TARGET_K64F/TOOLCHAIN_ARM_STD/startup_MK64F12.o(.text) referenced from mbed/TARGET_K64F/TOOLCHAIN_ARM_STD/startup_MK64F12.o(RESET)
 <LI><a href="#[1a]">PendSV_Handler</a> from mbed/TARGET_K64F/TOOLCHAIN_ARM_STD/startup_MK64F12.o(.text) referenced from mbed/TARGET_K64F/TOOLCHAIN_ARM_STD/startup_MK64F12.o(RESET)
 <LI><a href="#[33]">RNG_IRQHandler</a> from mbed/TARGET_K64F/TOOLCHAIN_ARM_STD/startup_MK64F12.o(.text) referenced from mbed/TARGET_K64F/TOOLCHAIN_ARM_STD/startup_MK64F12.o(RESET)
 <LI><a href="#[4a]">RTC_IRQHandler</a> from mbed/TARGET_K64F/TOOLCHAIN_ARM_STD/startup_MK64F12.o(.text) referenced from mbed/TARGET_K64F/TOOLCHAIN_ARM_STD/startup_MK64F12.o(RESET)
 <LI><a href="#[4b]">RTC_Seconds_IRQHandler</a> from mbed/TARGET_K64F/TOOLCHAIN_ARM_STD/startup_MK64F12.o(.text) referenced from mbed/TARGET_K64F/TOOLCHAIN_ARM_STD/startup_MK64F12.o(RESET)
 <LI><a href="#[2f]">Read_Collision_IRQHandler</a> from mbed/TARGET_K64F/TOOLCHAIN_ARM_STD/startup_MK64F12.o(.text) referenced from mbed/TARGET_K64F/TOOLCHAIN_ARM_STD/startup_MK64F12.o(RESET)
 <LI><a href="#[53]">Reserved71_IRQHandler</a> from mbed/TARGET_K64F/TOOLCHAIN_ARM_STD/startup_MK64F12.o(.text) referenced from mbed/TARGET_K64F/TOOLCHAIN_ARM_STD/startup_MK64F12.o(RESET)
 <LI><a href="#[12]">Reset_Handler</a> from mbed/TARGET_K64F/TOOLCHAIN_ARM_STD/startup_MK64F12.o(.text) referenced from mbed/TARGET_K64F/TOOLCHAIN_ARM_STD/startup_MK64F12.o(RESET)
 <LI><a href="#[9c]">SDHC_DriverIRQHandler</a> from mbed/TARGET_K64F/TOOLCHAIN_ARM_STD/fsl_sdhc.o(i.SDHC_DriverIRQHandler) referenced from mbed/TARGET_K64F/TOOLCHAIN_ARM_STD/startup_MK64F12.o(.text)
 <LI><a href="#[6d]">SDHC_IRQHandler</a> from mbed/TARGET_K64F/TOOLCHAIN_ARM_STD/startup_MK64F12.o(.text) referenced from mbed/TARGET_K64F/TOOLCHAIN_ARM_STD/startup_MK64F12.o(RESET)
 <LI><a href="#[88]">SPI0_DriverIRQHandler</a> from mbed/TARGET_K64F/TOOLCHAIN_ARM_STD/fsl_dspi.o(i.SPI0_DriverIRQHandler) referenced from mbed/TARGET_K64F/TOOLCHAIN_ARM_STD/startup_MK64F12.o(.text)
 <LI><a href="#[36]">SPI0_IRQHandler</a> from mbed/TARGET_K64F/TOOLCHAIN_ARM_STD/startup_MK64F12.o(.text) referenced from mbed/TARGET_K64F/TOOLCHAIN_ARM_STD/startup_MK64F12.o(RESET)
 <LI><a href="#[89]">SPI1_DriverIRQHandler</a> from mbed/TARGET_K64F/TOOLCHAIN_ARM_STD/fsl_dspi.o(i.SPI1_DriverIRQHandler) referenced from mbed/TARGET_K64F/TOOLCHAIN_ARM_STD/startup_MK64F12.o(.text)
 <LI><a href="#[37]">SPI1_IRQHandler</a> from mbed/TARGET_K64F/TOOLCHAIN_ARM_STD/startup_MK64F12.o(.text) referenced from mbed/TARGET_K64F/TOOLCHAIN_ARM_STD/startup_MK64F12.o(RESET)
 <LI><a href="#[95]">SPI2_DriverIRQHandler</a> from mbed/TARGET_K64F/TOOLCHAIN_ARM_STD/fsl_dspi.o(i.SPI2_DriverIRQHandler) referenced from mbed/TARGET_K64F/TOOLCHAIN_ARM_STD/startup_MK64F12.o(.text)
 <LI><a href="#[5d]">SPI2_IRQHandler</a> from mbed/TARGET_K64F/TOOLCHAIN_ARM_STD/startup_MK64F12.o(.text) referenced from mbed/TARGET_K64F/TOOLCHAIN_ARM_STD/startup_MK64F12.o(RESET)
 <LI><a href="#[18]">SVC_Handler</a> from mbed/TARGET_K64F/TOOLCHAIN_ARM_STD/startup_MK64F12.o(.text) referenced from mbed/TARGET_K64F/TOOLCHAIN_ARM_STD/startup_MK64F12.o(RESET)
 <LI><a href="#[5c]">SWI_IRQHandler</a> from mbed/TARGET_K64F/TOOLCHAIN_ARM_STD/startup_MK64F12.o(.text) referenced from mbed/TARGET_K64F/TOOLCHAIN_ARM_STD/startup_MK64F12.o(RESET)
 <LI><a href="#[1b]">SysTick_Handler</a> from mbed/TARGET_K64F/TOOLCHAIN_ARM_STD/startup_MK64F12.o(.text) referenced from mbed/TARGET_K64F/TOOLCHAIN_ARM_STD/startup_MK64F12.o(RESET)
 <LI><a href="#[73]">SystemInit</a> from mbed/TARGET_K64F/TOOLCHAIN_ARM_STD/system_MK64F12.o(i.SystemInit) referenced from mbed/TARGET_K64F/TOOLCHAIN_ARM_STD/startup_MK64F12.o(.text)
 <LI><a href="#[8e]">UART0_ERR_DriverIRQHandler</a> from mbed/TARGET_K64F/TOOLCHAIN_ARM_STD/startup_MK64F12.o(.text) referenced from mbed/TARGET_K64F/TOOLCHAIN_ARM_STD/startup_MK64F12.o(.text)
 <LI><a href="#[3c]">UART0_ERR_IRQHandler</a> from mbed/TARGET_K64F/TOOLCHAIN_ARM_STD/startup_MK64F12.o(.text) referenced from mbed/TARGET_K64F/TOOLCHAIN_ARM_STD/startup_MK64F12.o(RESET)
 <LI><a href="#[8c]">UART0_LON_DriverIRQHandler</a> from mbed/TARGET_K64F/TOOLCHAIN_ARM_STD/startup_MK64F12.o(.text) referenced from mbed/TARGET_K64F/TOOLCHAIN_ARM_STD/startup_MK64F12.o(.text)
 <LI><a href="#[3a]">UART0_LON_IRQHandler</a> from mbed/TARGET_K64F/TOOLCHAIN_ARM_STD/startup_MK64F12.o(.text) referenced from mbed/TARGET_K64F/TOOLCHAIN_ARM_STD/startup_MK64F12.o(RESET)
 <LI><a href="#[8d]">UART0_RX_TX_DriverIRQHandler</a> from mbed/TARGET_K64F/TOOLCHAIN_ARM_STD/fsl_uart.o(i.UART0_RX_TX_DriverIRQHandler) referenced from mbed/TARGET_K64F/TOOLCHAIN_ARM_STD/startup_MK64F12.o(.text)
 <LI><a href="#[3b]">UART0_RX_TX_IRQHandler</a> from mbed/TARGET_K64F/TOOLCHAIN_ARM_STD/startup_MK64F12.o(.text) referenced from mbed/TARGET_K64F/TOOLCHAIN_ARM_STD/startup_MK64F12.o(RESET)
 <LI><a href="#[90]">UART1_ERR_DriverIRQHandler</a> from mbed/TARGET_K64F/TOOLCHAIN_ARM_STD/startup_MK64F12.o(.text) referenced from mbed/TARGET_K64F/TOOLCHAIN_ARM_STD/startup_MK64F12.o(.text)
 <LI><a href="#[3e]">UART1_ERR_IRQHandler</a> from mbed/TARGET_K64F/TOOLCHAIN_ARM_STD/startup_MK64F12.o(.text) referenced from mbed/TARGET_K64F/TOOLCHAIN_ARM_STD/startup_MK64F12.o(RESET)
 <LI><a href="#[8f]">UART1_RX_TX_DriverIRQHandler</a> from mbed/TARGET_K64F/TOOLCHAIN_ARM_STD/fsl_uart.o(i.UART1_RX_TX_DriverIRQHandler) referenced from mbed/TARGET_K64F/TOOLCHAIN_ARM_STD/startup_MK64F12.o(.text)
 <LI><a href="#[3d]">UART1_RX_TX_IRQHandler</a> from mbed/TARGET_K64F/TOOLCHAIN_ARM_STD/startup_MK64F12.o(.text) referenced from mbed/TARGET_K64F/TOOLCHAIN_ARM_STD/startup_MK64F12.o(RESET)
 <LI><a href="#[92]">UART2_ERR_DriverIRQHandler</a> from mbed/TARGET_K64F/TOOLCHAIN_ARM_STD/startup_MK64F12.o(.text) referenced from mbed/TARGET_K64F/TOOLCHAIN_ARM_STD/startup_MK64F12.o(.text)
 <LI><a href="#[40]">UART2_ERR_IRQHandler</a> from mbed/TARGET_K64F/TOOLCHAIN_ARM_STD/startup_MK64F12.o(.text) referenced from mbed/TARGET_K64F/TOOLCHAIN_ARM_STD/startup_MK64F12.o(RESET)
 <LI><a href="#[91]">UART2_RX_TX_DriverIRQHandler</a> from mbed/TARGET_K64F/TOOLCHAIN_ARM_STD/fsl_uart.o(i.UART2_RX_TX_DriverIRQHandler) referenced from mbed/TARGET_K64F/TOOLCHAIN_ARM_STD/startup_MK64F12.o(.text)
 <LI><a href="#[3f]">UART2_RX_TX_IRQHandler</a> from mbed/TARGET_K64F/TOOLCHAIN_ARM_STD/startup_MK64F12.o(.text) referenced from mbed/TARGET_K64F/TOOLCHAIN_ARM_STD/startup_MK64F12.o(RESET)
 <LI><a href="#[94]">UART3_ERR_DriverIRQHandler</a> from mbed/TARGET_K64F/TOOLCHAIN_ARM_STD/startup_MK64F12.o(.text) referenced from mbed/TARGET_K64F/TOOLCHAIN_ARM_STD/startup_MK64F12.o(.text)
 <LI><a href="#[42]">UART3_ERR_IRQHandler</a> from mbed/TARGET_K64F/TOOLCHAIN_ARM_STD/startup_MK64F12.o(.text) referenced from mbed/TARGET_K64F/TOOLCHAIN_ARM_STD/startup_MK64F12.o(RESET)
 <LI><a href="#[93]">UART3_RX_TX_DriverIRQHandler</a> from mbed/TARGET_K64F/TOOLCHAIN_ARM_STD/fsl_uart.o(i.UART3_RX_TX_DriverIRQHandler) referenced from mbed/TARGET_K64F/TOOLCHAIN_ARM_STD/startup_MK64F12.o(.text)
 <LI><a href="#[41]">UART3_RX_TX_IRQHandler</a> from mbed/TARGET_K64F/TOOLCHAIN_ARM_STD/startup_MK64F12.o(.text) referenced from mbed/TARGET_K64F/TOOLCHAIN_ARM_STD/startup_MK64F12.o(RESET)
 <LI><a href="#[97]">UART4_ERR_DriverIRQHandler</a> from mbed/TARGET_K64F/TOOLCHAIN_ARM_STD/startup_MK64F12.o(.text) referenced from mbed/TARGET_K64F/TOOLCHAIN_ARM_STD/startup_MK64F12.o(.text)
 <LI><a href="#[5f]">UART4_ERR_IRQHandler</a> from mbed/TARGET_K64F/TOOLCHAIN_ARM_STD/startup_MK64F12.o(.text) referenced from mbed/TARGET_K64F/TOOLCHAIN_ARM_STD/startup_MK64F12.o(RESET)
 <LI><a href="#[96]">UART4_RX_TX_DriverIRQHandler</a> from mbed/TARGET_K64F/TOOLCHAIN_ARM_STD/fsl_uart.o(i.UART4_RX_TX_DriverIRQHandler) referenced from mbed/TARGET_K64F/TOOLCHAIN_ARM_STD/startup_MK64F12.o(.text)
 <LI><a href="#[5e]">UART4_RX_TX_IRQHandler</a> from mbed/TARGET_K64F/TOOLCHAIN_ARM_STD/startup_MK64F12.o(.text) referenced from mbed/TARGET_K64F/TOOLCHAIN_ARM_STD/startup_MK64F12.o(RESET)
 <LI><a href="#[99]">UART5_ERR_DriverIRQHandler</a> from mbed/TARGET_K64F/TOOLCHAIN_ARM_STD/startup_MK64F12.o(.text) referenced from mbed/TARGET_K64F/TOOLCHAIN_ARM_STD/startup_MK64F12.o(.text)
 <LI><a href="#[61]">UART5_ERR_IRQHandler</a> from mbed/TARGET_K64F/TOOLCHAIN_ARM_STD/startup_MK64F12.o(.text) referenced from mbed/TARGET_K64F/TOOLCHAIN_ARM_STD/startup_MK64F12.o(RESET)
 <LI><a href="#[98]">UART5_RX_TX_DriverIRQHandler</a> from mbed/TARGET_K64F/TOOLCHAIN_ARM_STD/fsl_uart.o(i.UART5_RX_TX_DriverIRQHandler) referenced from mbed/TARGET_K64F/TOOLCHAIN_ARM_STD/startup_MK64F12.o(.text)
 <LI><a href="#[60]">UART5_RX_TX_IRQHandler</a> from mbed/TARGET_K64F/TOOLCHAIN_ARM_STD/startup_MK64F12.o(.text) referenced from mbed/TARGET_K64F/TOOLCHAIN_ARM_STD/startup_MK64F12.o(RESET)
 <LI><a href="#[51]">USB0_IRQHandler</a> from mbed/TARGET_K64F/TOOLCHAIN_ARM_STD/startup_MK64F12.o(.text) referenced from mbed/TARGET_K64F/TOOLCHAIN_ARM_STD/startup_MK64F12.o(RESET)
 <LI><a href="#[52]">USBDCD_IRQHandler</a> from mbed/TARGET_K64F/TOOLCHAIN_ARM_STD/startup_MK64F12.o(.text) referenced from mbed/TARGET_K64F/TOOLCHAIN_ARM_STD/startup_MK64F12.o(RESET)
 <LI><a href="#[17]">UsageFault_Handler</a> from mbed/TARGET_K64F/TOOLCHAIN_ARM_STD/startup_MK64F12.o(.text) referenced from mbed/TARGET_K64F/TOOLCHAIN_ARM_STD/startup_MK64F12.o(RESET)
 <LI><a href="#[32]">WDOG_EWM_IRQHandler</a> from mbed/TARGET_K64F/TOOLCHAIN_ARM_STD/startup_MK64F12.o(.text) referenced from mbed/TARGET_K64F/TOOLCHAIN_ARM_STD/startup_MK64F12.o(RESET)
 <LI><a href="#[d1]">Adafruit_GFX::drawFastVLine(short, short, short, unsigned short)</a> from .\build\adafruit_gfx.o(i._ZN12Adafruit_GFX13drawFastVLineEssst) referenced from .\build\adafruit_gfx.o(.constdata__ZTV12Adafruit_GFX)
 <LI><a href="#[d1]">Adafruit_GFX::drawFastVLine(short, short, short, unsigned short)</a> from .\build\adafruit_gfx.o(i._ZN12Adafruit_GFX13drawFastVLineEssst) referenced from .\build\rgbmatrixpanel.o(.constdata__ZTV14RGBmatrixPanel)
 <LI><a href="#[cc]">Adafruit_GFX::_putc(int)</a> from .\build\adafruit_gfx.o(i._ZN12Adafruit_GFX5_putcEi) referenced from .\build\adafruit_gfx.o(.constdata__ZTV12Adafruit_GFX)
 <LI><a href="#[cc]">Adafruit_GFX::_putc(int)</a> from .\build\adafruit_gfx.o(i._ZN12Adafruit_GFX5_putcEi) referenced from .\build\rgbmatrixpanel.o(.constdata__ZTV14RGBmatrixPanel)
 <LI><a href="#[d0]">Adafruit_GFX::drawLine(short, short, short, short, unsigned short)</a> from .\build\adafruit_gfx.o(i._ZN12Adafruit_GFX8drawLineEsssst) referenced from .\build\adafruit_gfx.o(.constdata__ZTV12Adafruit_GFX)
 <LI><a href="#[d0]">Adafruit_GFX::drawLine(short, short, short, short, unsigned short)</a> from .\build\adafruit_gfx.o(i._ZN12Adafruit_GFX8drawLineEsssst) referenced from .\build\rgbmatrixpanel.o(.constdata__ZTV14RGBmatrixPanel)
 <LI><a href="#[d2]">Adafruit_GFX::fillRect(short, short, short, short, unsigned short)</a> from .\build\adafruit_gfx.o(i._ZN12Adafruit_GFX8fillRectEsssst) referenced from .\build\adafruit_gfx.o(.constdata__ZTV12Adafruit_GFX)
 <LI><a href="#[d2]">Adafruit_GFX::fillRect(short, short, short, short, unsigned short)</a> from .\build\adafruit_gfx.o(i._ZN12Adafruit_GFX8fillRectEsssst) referenced from .\build\rgbmatrixpanel.o(.constdata__ZTV14RGBmatrixPanel)
 <LI><a href="#[d3]">Adafruit_GFX::writeChar(unsigned char)</a> from .\build\adafruit_gfx.o(i._ZN12Adafruit_GFX9writeCharEh) referenced from .\build\adafruit_gfx.o(.constdata__ZTV12Adafruit_GFX)
 <LI><a href="#[d3]">Adafruit_GFX::writeChar(unsigned char)</a> from .\build\adafruit_gfx.o(i._ZN12Adafruit_GFX9writeCharEh) referenced from .\build\rgbmatrixpanel.o(.constdata__ZTV14RGBmatrixPanel)
 <LI><a href="#[d5]">DirectSerial::seek(long, int)</a> from mbed/TARGET_K64F/TOOLCHAIN_ARM_STD/mbed_retarget.o(i._ZN12DirectSerial4seekEli) referenced from mbed/TARGET_K64F/TOOLCHAIN_ARM_STD/mbed_retarget.o(.constdata__ZTV12DirectSerial)
 <LI><a href="#[d8]">DirectSerial::size()</a> from mbed/TARGET_K64F/TOOLCHAIN_ARM_STD/mbed_retarget.o(i._ZN12DirectSerial4sizeEv) referenced from mbed/TARGET_K64F/TOOLCHAIN_ARM_STD/mbed_retarget.o(.constdata__ZTV12DirectSerial)
 <LI><a href="#[d6]">DirectSerial::close()</a> from mbed/TARGET_K64F/TOOLCHAIN_ARM_STD/mbed_retarget.o(i._ZN12DirectSerial5closeEv) referenced from mbed/TARGET_K64F/TOOLCHAIN_ARM_STD/mbed_retarget.o(.constdata__ZTV12DirectSerial)
 <LI><a href="#[d4]">DirectSerial::write(const void*, unsigned)</a> from mbed/TARGET_K64F/TOOLCHAIN_ARM_STD/mbed_retarget.o(i._ZN12DirectSerial5writeEPKvj) referenced from mbed/TARGET_K64F/TOOLCHAIN_ARM_STD/mbed_retarget.o(.constdata__ZTV12DirectSerial)
 <LI><a href="#[d7]">DirectSerial::isatty()</a> from mbed/TARGET_K64F/TOOLCHAIN_ARM_STD/mbed_retarget.o(i._ZN12DirectSerial6isattyEv) referenced from mbed/TARGET_K64F/TOOLCHAIN_ARM_STD/mbed_retarget.o(.constdata__ZTV12DirectSerial)
 <LI><a href="#[a5]">DirectSerial::~DirectSerial()</a> from mbed/TARGET_K64F/TOOLCHAIN_ARM_STD/mbed_retarget.o(i._ZN12DirectSerialD1Ev) referenced from mbed/TARGET_K64F/TOOLCHAIN_ARM_STD/mbed_retarget.o(.constdata__ZTV12DirectSerial)
 <LI><a href="#[a5]">DirectSerial::~DirectSerial()</a> from mbed/TARGET_K64F/TOOLCHAIN_ARM_STD/mbed_retarget.o(i._ZN12DirectSerialD1Ev) referenced from mbed/TARGET_K64F/TOOLCHAIN_ARM_STD/mbed_retarget.o(i._Z7get_fhci)
 <LI><a href="#[d9]">RGBmatrixPanel::drawPixel(short, short, unsigned short)</a> from .\build\rgbmatrixpanel.o(i._ZN14RGBmatrixPanel9drawPixelEsst) referenced from .\build\rgbmatrixpanel.o(.constdata__ZTV14RGBmatrixPanel)
 <LI><a href="#[af]">RGBmatrixPanel::~RGBmatrixPanel()</a> from .\build\rgbmatrixpanel.o(i._ZN14RGBmatrixPanelD1Ev) referenced from .\build\rgbmatrixpanel.o(.constdata__ZTV14RGBmatrixPanel)
 <LI><a href="#[af]">RGBmatrixPanel::~RGBmatrixPanel()</a> from .\build\rgbmatrixpanel.o(i._ZN14RGBmatrixPanelD1Ev) referenced from .\build\main.o(i.__sti___8_main_cpp_joystick)
 <LI><a href="#[db]">mbed::FileHandle::size()</a> from mbed/TARGET_K64F/TOOLCHAIN_ARM_STD/mbed.ar(FileHandle.o)(i._ZN4mbed10FileHandle4sizeEv) referenced from mbed/TARGET_K64F/TOOLCHAIN_ARM_STD/mbed.ar(FileHandle.o)(.constdata__ZTVN4mbed10FileHandleE)
 <LI><a href="#[da]">mbed::FileHandle::isatty()</a> from mbed/TARGET_K64F/TOOLCHAIN_ARM_STD/mbed.ar(FileHandle.o)(i._ZN4mbed10FileHandle6isattyEv) referenced from mbed/TARGET_K64F/TOOLCHAIN_ARM_STD/mbed.ar(FileHandle.o)(.constdata__ZTVN4mbed10FileHandleE)
 <LI><a href="#[a8]">mbed::SerialBase::_irq_handler(unsigned, SerialIrq)</a> from mbed/TARGET_K64F/TOOLCHAIN_ARM_STD/mbed.ar(SerialBase.o)(i._ZN4mbed10SerialBase12_irq_handlerEj9SerialIrq) referenced from mbed/TARGET_K64F/TOOLCHAIN_ARM_STD/mbed.ar(SerialBase.o)(i._ZN4mbed10SerialBaseC1E7PinNameS1_i)
 <LI><a href="#[bf]">mbed::SerialBase::interrupt_handler_asynch()</a> from mbed/TARGET_K64F/TOOLCHAIN_ARM_STD/mbed.ar(SerialBase.o)(i._ZN4mbed10SerialBase24interrupt_handler_asynchEv) referenced from mbed/TARGET_K64F/TOOLCHAIN_ARM_STD/mbed.ar(SerialBase.o)(.constdata)
 <LI><a href="#[dc]">mbed::SerialBase::lock()</a> from mbed/TARGET_K64F/TOOLCHAIN_ARM_STD/mbed.ar(SerialBase.o)(i._ZN4mbed10SerialBase4lockEv) referenced from mbed/TARGET_K64F/TOOLCHAIN_ARM_STD/mbed.ar(SerialBase.o)(.constdata__ZTVN4mbed10SerialBaseE)
 <LI><a href="#[dd]">mbed::SerialBase::unlock()</a> from mbed/TARGET_K64F/TOOLCHAIN_ARM_STD/mbed.ar(SerialBase.o)(i._ZN4mbed10SerialBase6unlockEv) referenced from mbed/TARGET_K64F/TOOLCHAIN_ARM_STD/mbed.ar(SerialBase.o)(.constdata__ZTVN4mbed10SerialBaseE)
 <LI><a href="#[de]">mbed::SerialBase::~SerialBase()</a> from mbed/TARGET_K64F/TOOLCHAIN_ARM_STD/mbed.ar(SerialBase.o)(i._ZN4mbed10SerialBaseD1Ev) referenced from mbed/TARGET_K64F/TOOLCHAIN_ARM_STD/mbed.ar(SerialBase.o)(.constdata__ZTVN4mbed10SerialBaseE)
 <LI><a href="#[aa]">mbed::TimerEvent::irq(unsigned)</a> from mbed/TARGET_K64F/TOOLCHAIN_ARM_STD/mbed.ar(TimerEvent.o)(i._ZN4mbed10TimerEvent3irqEj) referenced from mbed/TARGET_K64F/TOOLCHAIN_ARM_STD/mbed.ar(TimerEvent.o)(i._ZN4mbed10TimerEventC2Ev)
 <LI><a href="#[df]">mbed::TimerEvent::~TimerEvent__sub_object()</a> from mbed/TARGET_K64F/TOOLCHAIN_ARM_STD/mbed.ar(TimerEvent.o)(i._ZN4mbed10TimerEventD2Ev) referenced from mbed/TARGET_K64F/TOOLCHAIN_ARM_STD/mbed.ar(TimerEvent.o)(.constdata__ZTVN4mbed10TimerEventE)
 <LI><a href="#[ab]">mbed::InterruptIn::_irq_handler(unsigned, gpio_irq_event)</a> from mbed/TARGET_K64F/TOOLCHAIN_ARM_STD/mbed.ar(InterruptIn.o)(i._ZN4mbed11InterruptIn12_irq_handlerEj14gpio_irq_event) referenced from mbed/TARGET_K64F/TOOLCHAIN_ARM_STD/mbed.ar(InterruptIn.o)(i._ZN4mbed11InterruptInC1E7PinName)
 <LI><a href="#[e0]">mbed::InterruptIn::~InterruptIn__deallocating()</a> from mbed/TARGET_K64F/TOOLCHAIN_ARM_STD/mbed.ar(InterruptIn.o)(i._ZN4mbed11InterruptInD0Ev) referenced from mbed/TARGET_K64F/TOOLCHAIN_ARM_STD/mbed.ar(InterruptIn.o)(.constdata__ZTVN4mbed11InterruptInE)
 <LI><a href="#[e2]">mbed::BusOut::lock()</a> from mbed/TARGET_K64F/TOOLCHAIN_ARM_STD/mbed.ar(BusOut.o)(i._ZN4mbed6BusOut4lockEv) referenced from mbed/TARGET_K64F/TOOLCHAIN_ARM_STD/mbed.ar(BusOut.o)(.constdata__ZTVN4mbed6BusOutE)
 <LI><a href="#[e3]">mbed::BusOut::unlock()</a> from mbed/TARGET_K64F/TOOLCHAIN_ARM_STD/mbed.ar(BusOut.o)(i._ZN4mbed6BusOut6unlockEv) referenced from mbed/TARGET_K64F/TOOLCHAIN_ARM_STD/mbed.ar(BusOut.o)(.constdata__ZTVN4mbed6BusOutE)
 <LI><a href="#[e1]">mbed::BusOut::~BusOut()</a> from mbed/TARGET_K64F/TOOLCHAIN_ARM_STD/mbed.ar(BusOut.o)(i._ZN4mbed6BusOutD1Ev) referenced from mbed/TARGET_K64F/TOOLCHAIN_ARM_STD/mbed.ar(BusOut.o)(.constdata__ZTVN4mbed6BusOutE)
 <LI><a href="#[ae]">mbed::PwmOut::~PwmOut()</a> from .\build\main.o(i._ZN4mbed6PwmOutD1Ev) referenced from .\build\main.o(i.__sti___8_main_cpp_joystick)
 <LI><a href="#[e4]">mbed::Serial::lock()</a> from mbed/TARGET_K64F/TOOLCHAIN_ARM_STD/mbed.ar(Serial.o)(i._ZN4mbed6Serial4lockEv) referenced from mbed/TARGET_K64F/TOOLCHAIN_ARM_STD/mbed.ar(Serial.o)(.constdata__ZTVN4mbed6SerialE)
 <LI><a href="#[e5]">mbed::Serial::unlock()</a> from mbed/TARGET_K64F/TOOLCHAIN_ARM_STD/mbed.ar(Serial.o)(i._ZN4mbed6Serial6unlockEv) referenced from mbed/TARGET_K64F/TOOLCHAIN_ARM_STD/mbed.ar(Serial.o)(.constdata__ZTVN4mbed6SerialE)
 <LI><a href="#[ad]">mbed::Serial::~Serial()</a> from mbed/TARGET_K64F/TOOLCHAIN_ARM_STD/mbed.ar(Serial.o)(i._ZN4mbed6SerialD1Ev) referenced from mbed/TARGET_K64F/TOOLCHAIN_ARM_STD/mbed.ar(Serial.o)(.constdata__ZTVN4mbed6SerialE)
 <LI><a href="#[ad]">mbed::Serial::~Serial()</a> from mbed/TARGET_K64F/TOOLCHAIN_ARM_STD/mbed.ar(Serial.o)(i._ZN4mbed6SerialD1Ev) referenced from .\build\main.o(i.__sti___8_main_cpp_joystick)
 <LI><a href="#[cd]">mbed::Stream::lock()</a> from mbed/TARGET_K64F/TOOLCHAIN_ARM_STD/mbed.ar(Stream.o)(i._ZN4mbed6Stream4lockEv) referenced from .\build\adafruit_gfx.o(.constdata__ZTV12Adafruit_GFX)
 <LI><a href="#[cd]">mbed::Stream::lock()</a> from mbed/TARGET_K64F/TOOLCHAIN_ARM_STD/mbed.ar(Stream.o)(i._ZN4mbed6Stream4lockEv) referenced from .\build\rgbmatrixpanel.o(.constdata__ZTV14RGBmatrixPanel)
 <LI><a href="#[cd]">mbed::Stream::lock()</a> from mbed/TARGET_K64F/TOOLCHAIN_ARM_STD/mbed.ar(Stream.o)(i._ZN4mbed6Stream4lockEv) referenced from mbed/TARGET_K64F/TOOLCHAIN_ARM_STD/mbed.ar(Stream.o)(.constdata__ZTVN4mbed6StreamE)
 <LI><a href="#[c8]">mbed::Stream::seek(long, int)</a> from mbed/TARGET_K64F/TOOLCHAIN_ARM_STD/mbed.ar(Stream.o)(i._ZN4mbed6Stream4seekEli) referenced from .\build\adafruit_gfx.o(.constdata__ZTV12Adafruit_GFX)
 <LI><a href="#[c8]">mbed::Stream::seek(long, int)</a> from mbed/TARGET_K64F/TOOLCHAIN_ARM_STD/mbed.ar(Stream.o)(i._ZN4mbed6Stream4seekEli) referenced from .\build\rgbmatrixpanel.o(.constdata__ZTV14RGBmatrixPanel)
 <LI><a href="#[c8]">mbed::Stream::seek(long, int)</a> from mbed/TARGET_K64F/TOOLCHAIN_ARM_STD/mbed.ar(Stream.o)(i._ZN4mbed6Stream4seekEli) referenced from mbed/TARGET_K64F/TOOLCHAIN_ARM_STD/mbed.ar(Serial.o)(.constdata__ZTVN4mbed6SerialE)
 <LI><a href="#[c8]">mbed::Stream::seek(long, int)</a> from mbed/TARGET_K64F/TOOLCHAIN_ARM_STD/mbed.ar(Stream.o)(i._ZN4mbed6Stream4seekEli) referenced from mbed/TARGET_K64F/TOOLCHAIN_ARM_STD/mbed.ar(Stream.o)(.constdata__ZTVN4mbed6StreamE)
 <LI><a href="#[cb]">mbed::Stream::size()</a> from mbed/TARGET_K64F/TOOLCHAIN_ARM_STD/mbed.ar(Stream.o)(i._ZN4mbed6Stream4sizeEv) referenced from .\build\adafruit_gfx.o(.constdata__ZTV12Adafruit_GFX)
 <LI><a href="#[cb]">mbed::Stream::size()</a> from mbed/TARGET_K64F/TOOLCHAIN_ARM_STD/mbed.ar(Stream.o)(i._ZN4mbed6Stream4sizeEv) referenced from .\build\rgbmatrixpanel.o(.constdata__ZTV14RGBmatrixPanel)
 <LI><a href="#[cb]">mbed::Stream::size()</a> from mbed/TARGET_K64F/TOOLCHAIN_ARM_STD/mbed.ar(Stream.o)(i._ZN4mbed6Stream4sizeEv) referenced from mbed/TARGET_K64F/TOOLCHAIN_ARM_STD/mbed.ar(Serial.o)(.constdata__ZTVN4mbed6SerialE)
 <LI><a href="#[cb]">mbed::Stream::size()</a> from mbed/TARGET_K64F/TOOLCHAIN_ARM_STD/mbed.ar(Stream.o)(i._ZN4mbed6Stream4sizeEv) referenced from mbed/TARGET_K64F/TOOLCHAIN_ARM_STD/mbed.ar(Stream.o)(.constdata__ZTVN4mbed6StreamE)
 <LI><a href="#[c9]">mbed::Stream::close()</a> from mbed/TARGET_K64F/TOOLCHAIN_ARM_STD/mbed.ar(Stream.o)(i._ZN4mbed6Stream5closeEv) referenced from .\build\adafruit_gfx.o(.constdata__ZTV12Adafruit_GFX)
 <LI><a href="#[c9]">mbed::Stream::close()</a> from mbed/TARGET_K64F/TOOLCHAIN_ARM_STD/mbed.ar(Stream.o)(i._ZN4mbed6Stream5closeEv) referenced from .\build\rgbmatrixpanel.o(.constdata__ZTV14RGBmatrixPanel)
 <LI><a href="#[c9]">mbed::Stream::close()</a> from mbed/TARGET_K64F/TOOLCHAIN_ARM_STD/mbed.ar(Stream.o)(i._ZN4mbed6Stream5closeEv) referenced from mbed/TARGET_K64F/TOOLCHAIN_ARM_STD/mbed.ar(Serial.o)(.constdata__ZTVN4mbed6SerialE)
 <LI><a href="#[c9]">mbed::Stream::close()</a> from mbed/TARGET_K64F/TOOLCHAIN_ARM_STD/mbed.ar(Stream.o)(i._ZN4mbed6Stream5closeEv) referenced from mbed/TARGET_K64F/TOOLCHAIN_ARM_STD/mbed.ar(Stream.o)(.constdata__ZTVN4mbed6StreamE)
 <LI><a href="#[c7]">mbed::Stream::write(const void*, unsigned)</a> from mbed/TARGET_K64F/TOOLCHAIN_ARM_STD/mbed.ar(Stream.o)(i._ZN4mbed6Stream5writeEPKvj) referenced from .\build\adafruit_gfx.o(.constdata__ZTV12Adafruit_GFX)
 <LI><a href="#[c7]">mbed::Stream::write(const void*, unsigned)</a> from mbed/TARGET_K64F/TOOLCHAIN_ARM_STD/mbed.ar(Stream.o)(i._ZN4mbed6Stream5writeEPKvj) referenced from .\build\rgbmatrixpanel.o(.constdata__ZTV14RGBmatrixPanel)
 <LI><a href="#[c7]">mbed::Stream::write(const void*, unsigned)</a> from mbed/TARGET_K64F/TOOLCHAIN_ARM_STD/mbed.ar(Stream.o)(i._ZN4mbed6Stream5writeEPKvj) referenced from mbed/TARGET_K64F/TOOLCHAIN_ARM_STD/mbed.ar(Serial.o)(.constdata__ZTVN4mbed6SerialE)
 <LI><a href="#[c7]">mbed::Stream::write(const void*, unsigned)</a> from mbed/TARGET_K64F/TOOLCHAIN_ARM_STD/mbed.ar(Stream.o)(i._ZN4mbed6Stream5writeEPKvj) referenced from mbed/TARGET_K64F/TOOLCHAIN_ARM_STD/mbed.ar(Stream.o)(.constdata__ZTVN4mbed6StreamE)
 <LI><a href="#[ca]">mbed::Stream::isatty()</a> from mbed/TARGET_K64F/TOOLCHAIN_ARM_STD/mbed.ar(Stream.o)(i._ZN4mbed6Stream6isattyEv) referenced from .\build\adafruit_gfx.o(.constdata__ZTV12Adafruit_GFX)
 <LI><a href="#[ca]">mbed::Stream::isatty()</a> from mbed/TARGET_K64F/TOOLCHAIN_ARM_STD/mbed.ar(Stream.o)(i._ZN4mbed6Stream6isattyEv) referenced from .\build\rgbmatrixpanel.o(.constdata__ZTV14RGBmatrixPanel)
 <LI><a href="#[ca]">mbed::Stream::isatty()</a> from mbed/TARGET_K64F/TOOLCHAIN_ARM_STD/mbed.ar(Stream.o)(i._ZN4mbed6Stream6isattyEv) referenced from mbed/TARGET_K64F/TOOLCHAIN_ARM_STD/mbed.ar(Serial.o)(.constdata__ZTVN4mbed6SerialE)
 <LI><a href="#[ca]">mbed::Stream::isatty()</a> from mbed/TARGET_K64F/TOOLCHAIN_ARM_STD/mbed.ar(Stream.o)(i._ZN4mbed6Stream6isattyEv) referenced from mbed/TARGET_K64F/TOOLCHAIN_ARM_STD/mbed.ar(Stream.o)(.constdata__ZTVN4mbed6StreamE)
 <LI><a href="#[ce]">mbed::Stream::unlock()</a> from mbed/TARGET_K64F/TOOLCHAIN_ARM_STD/mbed.ar(Stream.o)(i._ZN4mbed6Stream6unlockEv) referenced from .\build\adafruit_gfx.o(.constdata__ZTV12Adafruit_GFX)
 <LI><a href="#[ce]">mbed::Stream::unlock()</a> from mbed/TARGET_K64F/TOOLCHAIN_ARM_STD/mbed.ar(Stream.o)(i._ZN4mbed6Stream6unlockEv) referenced from .\build\rgbmatrixpanel.o(.constdata__ZTV14RGBmatrixPanel)
 <LI><a href="#[ce]">mbed::Stream::unlock()</a> from mbed/TARGET_K64F/TOOLCHAIN_ARM_STD/mbed.ar(Stream.o)(i._ZN4mbed6Stream6unlockEv) referenced from mbed/TARGET_K64F/TOOLCHAIN_ARM_STD/mbed.ar(Stream.o)(.constdata__ZTVN4mbed6StreamE)
 <LI><a href="#[e9]">mbed::Stream::~Stream__sub_object()</a> from mbed/TARGET_K64F/TOOLCHAIN_ARM_STD/mbed.ar(Stream.o)(i._ZN4mbed6StreamD2Ev) referenced from mbed/TARGET_K64F/TOOLCHAIN_ARM_STD/mbed.ar(Stream.o)(.constdata__ZTVN4mbed6StreamE)
 <LI><a href="#[ea]">mbed::Ticker::handler()</a> from mbed/TARGET_K64F/TOOLCHAIN_ARM_STD/mbed.ar(Ticker.o)(i._ZN4mbed6Ticker7handlerEv) referenced from mbed/TARGET_K64F/TOOLCHAIN_ARM_STD/mbed.ar(Ticker.o)(.constdata__ZTVN4mbed6TickerE)
 <LI><a href="#[ec]">mbed::Timeout::handler()</a> from mbed/TARGET_K64F/TOOLCHAIN_ARM_STD/mbed.ar(Timeout.o)(i._ZN4mbed7Timeout7handlerEv) referenced from mbed/TARGET_K64F/TOOLCHAIN_ARM_STD/mbed.ar(Timeout.o)(.constdata__ZTVN4mbed7TimeoutE)
 <LI><a href="#[eb]">mbed::Timeout::~Timeout__deallocating()</a> from mbed/TARGET_K64F/TOOLCHAIN_ARM_STD/mbed.ar(Timeout.o)(i._ZN4mbed7TimeoutD0Ev) referenced from mbed/TARGET_K64F/TOOLCHAIN_ARM_STD/mbed.ar(Timeout.o)(.constdata__ZTVN4mbed7TimeoutE)
 <LI><a href="#[ee]">mbed::AnalogIn::lock()</a> from .\build\joystick.o(i._ZN4mbed8AnalogIn4lockEv) referenced from .\build\joystick.o(.constdata__ZTVN4mbed8AnalogInE)
 <LI><a href="#[ef]">mbed::AnalogIn::unlock()</a> from .\build\joystick.o(i._ZN4mbed8AnalogIn6unlockEv) referenced from .\build\joystick.o(.constdata__ZTVN4mbed8AnalogInE)
 <LI><a href="#[ed]">mbed::AnalogIn::~AnalogIn__deallocating()</a> from .\build\joystick.o(i._ZN4mbed8AnalogInD0Ev) referenced from .\build\joystick.o(.constdata__ZTVN4mbed8AnalogInE)
 <LI><a href="#[f1]">void mbed::Callback&lang;void()&rang;::function_call&lang;mbed::Callback&lang;void()&rang;::method_context&lang;Joystick, void(Joystick::*)()&rang;&rang;(const void*)</a> from .\build\joystick.o(t._ZN4mbed8CallbackIFvvEE13function_callINS2_14method_contextI8JoystickMS5_FvvEEEEEvPKv) referenced from .\build\joystick.o(.constdata__ZZN4mbed8CallbackIFvvEE8generateINS2_14method_contextI8JoystickMS5_FvvEEEEEvRKT_E3ops)
 <LI><a href="#[f4]">void mbed::Callback&lang;void()&rang;::function_call&lang;void(*)()&rang;(const void*)</a> from .\build\joystick.o(t._ZN4mbed8CallbackIFvvEE13function_callIPS1_EEvPKv) referenced from .\build\joystick.o(.constdata__ZZN4mbed8CallbackIFvvEE8generateIPS1_EEvRKT_E3ops)
 <LI><a href="#[f3]">void mbed::Callback&lang;void()&rang;::function_dtor&lang;mbed::Callback&lang;void()&rang;::method_context&lang;Joystick, void(Joystick::*)()&rang;&rang;(void*)</a> from .\build\joystick.o(t._ZN4mbed8CallbackIFvvEE13function_dtorINS2_14method_contextI8JoystickMS5_FvvEEEEEvPv) referenced from .\build\joystick.o(.constdata__ZZN4mbed8CallbackIFvvEE8generateINS2_14method_contextI8JoystickMS5_FvvEEEEEvRKT_E3ops)
 <LI><a href="#[f6]">void mbed::Callback&lang;void()&rang;::function_dtor&lang;void(*)()&rang;(void*)</a> from .\build\joystick.o(t._ZN4mbed8CallbackIFvvEE13function_dtorIPS1_EEvPv) referenced from .\build\joystick.o(.constdata__ZZN4mbed8CallbackIFvvEE8generateIPS1_EEvRKT_E3ops)
 <LI><a href="#[f2]">void mbed::Callback&lang;void()&rang;::function_move&lang;mbed::Callback&lang;void()&rang;::method_context&lang;Joystick, void(Joystick::*)()&rang;&rang;(void*, const void*)</a> from .\build\joystick.o(t._ZN4mbed8CallbackIFvvEE13function_moveINS2_14method_contextI8JoystickMS5_FvvEEEEEvPvPKv) referenced from .\build\joystick.o(.constdata__ZZN4mbed8CallbackIFvvEE8generateINS2_14method_contextI8JoystickMS5_FvvEEEEEvRKT_E3ops)
 <LI><a href="#[f5]">void mbed::Callback&lang;void()&rang;::function_move&lang;void(*)()&rang;(void*, const void*)</a> from .\build\joystick.o(t._ZN4mbed8CallbackIFvvEE13function_moveIPS1_EEvPvPKv) referenced from .\build\joystick.o(.constdata__ZZN4mbed8CallbackIFvvEE8generateIPS1_EEvRKT_E3ops)
 <LI><a href="#[a9]">mbed::Callback&lang;void()&rang;::~Callback()</a> from mbed/TARGET_K64F/TOOLCHAIN_ARM_STD/mbed.ar(SerialBase.o)(t._ZN4mbed8CallbackIFvvEED1Ev) referenced from mbed/TARGET_K64F/TOOLCHAIN_ARM_STD/mbed.ar(SerialBase.o)(i._ZN4mbed10SerialBaseD1Ev)
 <LI><a href="#[f0]">mbed::FileBase::~FileBase()</a> from mbed/TARGET_K64F/TOOLCHAIN_ARM_STD/mbed.ar(FileBase.o)(i._ZN4mbed8FileBaseD1Ev) referenced from mbed/TARGET_K64F/TOOLCHAIN_ARM_STD/mbed.ar(FileBase.o)(.constdata__ZTVN4mbed8FileBaseE)
 <LI><a href="#[a6]">CThunk&lang;mbed::SerialBase&rang;::trampoline(mbed::SerialBase*, void*, void(mbed::SerialBase::**)(void*))</a> from mbed/TARGET_K64F/TOOLCHAIN_ARM_STD/mbed.ar(SerialBase.o)(t._ZN6CThunkIN4mbed10SerialBaseEE10trampolineEPS1_PvPMS1_FvS4_E) referenced from mbed/TARGET_K64F/TOOLCHAIN_ARM_STD/mbed.ar(SerialBase.o)(i._ZN4mbed10SerialBaseC1E7PinNameS1_i)
 <LI><a href="#[bc]">Joystick::button_isr()</a> from .\build\joystick.o(i._ZN8Joystick10button_isrEv) referenced from .\build\joystick.o(.constdata)
 <LI><a href="#[bd]">Joystick::button_fall_isr()</a> from .\build\joystick.o(i._ZN8Joystick15button_fall_isrEv) referenced from .\build\joystick.o(.constdata)
 <LI><a href="#[be]">Joystick::button_debounce_isr()</a> from .\build\joystick.o(i._ZN8Joystick19button_debounce_isrEv) referenced from .\build\joystick.o(.constdata)
 <LI><a href="#[ac]">Joystick::~Joystick()</a> from .\build\joystick.o(i._ZN8JoystickD1Ev) referenced from .\build\main.o(i.__sti___8_main_cpp_joystick)
 <LI><a href="#[e7]">thunk{-300} to mbed::Serial::lock()</a> from mbed/TARGET_K64F/TOOLCHAIN_ARM_STD/mbed.ar(Serial.o)(i._ZThn300_N4mbed6Serial4lockEv) referenced from mbed/TARGET_K64F/TOOLCHAIN_ARM_STD/mbed.ar(Serial.o)(.constdata__ZTVN4mbed6SerialE)
 <LI><a href="#[e6]">thunk{-300} to mbed::Serial::_putc(int)</a> from mbed/TARGET_K64F/TOOLCHAIN_ARM_STD/mbed.ar(Serial.o)(i._ZThn300_N4mbed6Serial5_putcEi) referenced from mbed/TARGET_K64F/TOOLCHAIN_ARM_STD/mbed.ar(Serial.o)(.constdata__ZTVN4mbed6SerialE)
 <LI><a href="#[e8]">thunk{-300} to mbed::Serial::unlock()</a> from mbed/TARGET_K64F/TOOLCHAIN_ARM_STD/mbed.ar(Serial.o)(i._ZThn300_N4mbed6Serial6unlockEv) referenced from mbed/TARGET_K64F/TOOLCHAIN_ARM_STD/mbed.ar(Serial.o)(.constdata__ZTVN4mbed6SerialE)
 <LI><a href="#[cf]">__cxa_pure_virtual</a> from C:\Keil_v5\ARM\ARMCC\Bin\..\lib\cpplib\cpprt_w.l(pure_virt.o)(i.__cxa_pure_virtual) referenced from .\build\adafruit_gfx.o(.constdata__ZTV12Adafruit_GFX)
 <LI><a href="#[cf]">__cxa_pure_virtual</a> from C:\Keil_v5\ARM\ARMCC\Bin\..\lib\cpplib\cpprt_w.l(pure_virt.o)(i.__cxa_pure_virtual) referenced 4 times from mbed/TARGET_K64F/TOOLCHAIN_ARM_STD/mbed.ar(FileHandle.o)(.constdata__ZTVN4mbed10FileHandleE)
 <LI><a href="#[cf]">__cxa_pure_virtual</a> from C:\Keil_v5\ARM\ARMCC\Bin\..\lib\cpplib\cpprt_w.l(pure_virt.o)(i.__cxa_pure_virtual) referenced from mbed/TARGET_K64F/TOOLCHAIN_ARM_STD/mbed.ar(TimerEvent.o)(.constdata__ZTVN4mbed10TimerEventE)
 <LI><a href="#[cf]">__cxa_pure_virtual</a> from C:\Keil_v5\ARM\ARMCC\Bin\..\lib\cpplib\cpprt_w.l(pure_virt.o)(i.__cxa_pure_virtual) referenced 2 times from mbed/TARGET_K64F/TOOLCHAIN_ARM_STD/mbed.ar(Stream.o)(.constdata__ZTVN4mbed6StreamE)
 <LI><a href="#[f8]">__main</a> from C:\Keil_v5\ARM\ARMCC\Bin\..\lib\armlib\c_w.l(__main.o)(!!!main) referenced from mbed/TARGET_K64F/TOOLCHAIN_ARM_STD/startup_MK64F12.o(.text)
 <LI><a href="#[f7]">__sti___8_main_cpp_joystick</a> from .\build\main.o(i.__sti___8_main_cpp_joystick) referenced from .\build\main.o(.init_array)
 <LI><a href="#[a4]">_get_lc_ctype</a> from C:\Keil_v5\ARM\ARMCC\Bin\..\lib\armlib\c_w.l(lc_ctype_c.o)(locale$$code) referenced from C:\Keil_v5\ARM\ARMCC\Bin\..\lib\armlib\c_w.l(rt_ctype_table.o)(.text)
 <LI><a href="#[a2]">_printf_input_char</a> from C:\Keil_v5\ARM\ARMCC\Bin\..\lib\armlib\c_w.l(_printf_char_common.o)(.text) referenced from C:\Keil_v5\ARM\ARMCC\Bin\..\lib\armlib\c_w.l(_printf_char_common.o)(.text)
 <LI><a href="#[a1]">_snputc</a> from C:\Keil_v5\ARM\ARMCC\Bin\..\lib\armlib\c_w.l(_snputc.o)(.text) referenced from C:\Keil_v5\ARM\ARMCC\Bin\..\lib\armlib\c_w.l(vsnprintf.o)(.text)
 <LI><a href="#[a3]">fputc</a> from C:\Keil_v5\ARM\ARMCC\Bin\..\lib\armlib\c_w.l(fputc.o)(i.fputc) referenced from C:\Keil_v5\ARM\ARMCC\Bin\..\lib\armlib\c_w.l(_printf_char_file.o)(.text)
 <LI><a href="#[b0]">gpio_irqA</a> from mbed/TARGET_K64F/TOOLCHAIN_ARM_STD/gpio_irq_api.o(i.gpio_irqA) referenced from mbed/TARGET_K64F/TOOLCHAIN_ARM_STD/gpio_irq_api.o(i.gpio_irq_init)
 <LI><a href="#[b1]">gpio_irqB</a> from mbed/TARGET_K64F/TOOLCHAIN_ARM_STD/gpio_irq_api.o(i.gpio_irqB) referenced from mbed/TARGET_K64F/TOOLCHAIN_ARM_STD/gpio_irq_api.o(i.gpio_irq_init)
 <LI><a href="#[b2]">gpio_irqC</a> from mbed/TARGET_K64F/TOOLCHAIN_ARM_STD/gpio_irq_api.o(i.gpio_irqC) referenced from mbed/TARGET_K64F/TOOLCHAIN_ARM_STD/gpio_irq_api.o(i.gpio_irq_init)
 <LI><a href="#[b3]">gpio_irqD</a> from mbed/TARGET_K64F/TOOLCHAIN_ARM_STD/gpio_irq_api.o(i.gpio_irqD) referenced from mbed/TARGET_K64F/TOOLCHAIN_ARM_STD/gpio_irq_api.o(i.gpio_irq_init)
 <LI><a href="#[b4]">gpio_irqE</a> from mbed/TARGET_K64F/TOOLCHAIN_ARM_STD/gpio_irq_api.o(i.gpio_irqE) referenced from mbed/TARGET_K64F/TOOLCHAIN_ARM_STD/gpio_irq_api.o(i.gpio_irq_init)
 <LI><a href="#[bb]">pit_isr</a> from mbed/TARGET_K64F/TOOLCHAIN_ARM_STD/us_ticker.o(i.pit_isr) referenced from mbed/TARGET_K64F/TOOLCHAIN_ARM_STD/us_ticker.o(i.us_ticker_init)
 <LI><a href="#[11]">ticker_irq_handler</a> from mbed/TARGET_K64F/TOOLCHAIN_ARM_STD/mbed.ar(mbed_ticker_api.o)(i.ticker_irq_handler) referenced 2 times from mbed/TARGET_K64F/TOOLCHAIN_ARM_STD/mbed.ar(mbed_us_ticker_api.o)(.data)
 <LI><a href="#[b5]">uart0_irq</a> from mbed/TARGET_K64F/TOOLCHAIN_ARM_STD/serial_api.o(i.uart0_irq) referenced from mbed/TARGET_K64F/TOOLCHAIN_ARM_STD/serial_api.o(i.serial_irq_set)
 <LI><a href="#[b6]">uart1_irq</a> from mbed/TARGET_K64F/TOOLCHAIN_ARM_STD/serial_api.o(i.uart1_irq) referenced from mbed/TARGET_K64F/TOOLCHAIN_ARM_STD/serial_api.o(i.serial_irq_set)
 <LI><a href="#[b7]">uart2_irq</a> from mbed/TARGET_K64F/TOOLCHAIN_ARM_STD/serial_api.o(i.uart2_irq) referenced from mbed/TARGET_K64F/TOOLCHAIN_ARM_STD/serial_api.o(i.serial_irq_set)
 <LI><a href="#[b8]">uart3_irq</a> from mbed/TARGET_K64F/TOOLCHAIN_ARM_STD/serial_api.o(i.uart3_irq) referenced from mbed/TARGET_K64F/TOOLCHAIN_ARM_STD/serial_api.o(i.serial_irq_set)
 <LI><a href="#[b9]">uart4_irq</a> from mbed/TARGET_K64F/TOOLCHAIN_ARM_STD/serial_api.o(i.uart4_irq) referenced from mbed/TARGET_K64F/TOOLCHAIN_ARM_STD/serial_api.o(i.serial_irq_set)
 <LI><a href="#[ba]">uart5_irq</a> from mbed/TARGET_K64F/TOOLCHAIN_ARM_STD/serial_api.o(i.uart5_irq) referenced from mbed/TARGET_K64F/TOOLCHAIN_ARM_STD/serial_api.o(i.serial_irq_set)
 <LI><a href="#[c3]">us_ticker_clear_interrupt</a> from mbed/TARGET_K64F/TOOLCHAIN_ARM_STD/us_ticker.o(i.us_ticker_clear_interrupt) referenced from mbed/TARGET_K64F/TOOLCHAIN_ARM_STD/mbed.ar(mbed_us_ticker_api.o)(.constdata)
 <LI><a href="#[c2]">us_ticker_disable_interrupt</a> from mbed/TARGET_K64F/TOOLCHAIN_ARM_STD/us_ticker.o(i.us_ticker_disable_interrupt) referenced from mbed/TARGET_K64F/TOOLCHAIN_ARM_STD/mbed.ar(mbed_us_ticker_api.o)(.constdata)
 <LI><a href="#[c5]">us_ticker_fire_interrupt</a> from mbed/TARGET_K64F/TOOLCHAIN_ARM_STD/us_ticker.o(i.us_ticker_fire_interrupt) referenced from mbed/TARGET_K64F/TOOLCHAIN_ARM_STD/mbed.ar(mbed_us_ticker_api.o)(.constdata)
 <LI><a href="#[c6]">us_ticker_get_info</a> from mbed/TARGET_K64F/TOOLCHAIN_ARM_STD/us_ticker.o(i.us_ticker_get_info) referenced from mbed/TARGET_K64F/TOOLCHAIN_ARM_STD/mbed.ar(mbed_us_ticker_api.o)(.constdata)
 <LI><a href="#[c0]">us_ticker_init</a> from mbed/TARGET_K64F/TOOLCHAIN_ARM_STD/us_ticker.o(i.us_ticker_init) referenced from mbed/TARGET_K64F/TOOLCHAIN_ARM_STD/mbed.ar(mbed_us_ticker_api.o)(.constdata)
 <LI><a href="#[c1]">us_ticker_read</a> from mbed/TARGET_K64F/TOOLCHAIN_ARM_STD/us_ticker.o(i.us_ticker_read) referenced from mbed/TARGET_K64F/TOOLCHAIN_ARM_STD/mbed.ar(mbed_us_ticker_api.o)(.constdata)
 <LI><a href="#[c4]">us_ticker_set_interrupt</a> from mbed/TARGET_K64F/TOOLCHAIN_ARM_STD/us_ticker.o(i.us_ticker_set_interrupt) referenced from mbed/TARGET_K64F/TOOLCHAIN_ARM_STD/mbed.ar(mbed_us_ticker_api.o)(.constdata)
</UL>
<P>
<H3>
Global Symbols
</H3>
<P><STRONG><a name="[f8]"></a>__main</STRONG> (Thumb, 8 bytes, Stack size 0 bytes, C:\Keil_v5\ARM\ARMCC\Bin\..\lib\armlib\c_w.l(__main.o)(!!!main))
<BR><BR>[Calls]<UL><LI><a href="#[fb]">&gt;&gt;</a>&nbsp;&nbsp;&nbsp;__rt_entry
<LI><a href="#[fa]">&gt;&gt;</a>&nbsp;&nbsp;&nbsp;__scatterload
</UL>

<P><STRONG><a name="[fa]"></a>__scatterload</STRONG> (Thumb, 0 bytes, Stack size unknown bytes, C:\Keil_v5\ARM\ARMCC\Bin\..\lib\armlib\c_w.l(__scatter.o)(!!!scatter))
<BR><BR>[Called By]<UL><LI><a href="#[f8]">&gt;&gt;</a>&nbsp;&nbsp;&nbsp;__main
</UL>

<P><STRONG><a name="[fc]"></a>__scatterload_rt2</STRONG> (Thumb, 44 bytes, Stack size unknown bytes, C:\Keil_v5\ARM\ARMCC\Bin\..\lib\armlib\c_w.l(__scatter.o)(!!!scatter), UNUSED)
<BR><BR>[Calls]<UL><LI><a href="#[fb]">&gt;&gt;</a>&nbsp;&nbsp;&nbsp;__rt_entry
</UL>

<P><STRONG><a name="[251]"></a>__scatterload_rt2_thumb_only</STRONG> (Thumb, 0 bytes, Stack size unknown bytes, C:\Keil_v5\ARM\ARMCC\Bin\..\lib\armlib\c_w.l(__scatter.o)(!!!scatter), UNUSED)

<P><STRONG><a name="[252]"></a>__scatterload_null</STRONG> (Thumb, 0 bytes, Stack size unknown bytes, C:\Keil_v5\ARM\ARMCC\Bin\..\lib\armlib\c_w.l(__scatter.o)(!!!scatter), UNUSED)

<P><STRONG><a name="[253]"></a>__decompress</STRONG> (Thumb, 90 bytes, Stack size unknown bytes, C:\Keil_v5\ARM\ARMCC\Bin\..\lib\armlib\c_w.l(__dczerorl2.o)(!!dczerorl2), UNUSED)

<P><STRONG><a name="[254]"></a>__decompress1</STRONG> (Thumb, 0 bytes, Stack size unknown bytes, C:\Keil_v5\ARM\ARMCC\Bin\..\lib\armlib\c_w.l(__dczerorl2.o)(!!dczerorl2), UNUSED)

<P><STRONG><a name="[255]"></a>__scatterload_zeroinit</STRONG> (Thumb, 28 bytes, Stack size unknown bytes, C:\Keil_v5\ARM\ARMCC\Bin\..\lib\armlib\c_w.l(__scatter_zi.o)(!!handler_zi), UNUSED)

<P><STRONG><a name="[fd]"></a>_printf_n</STRONG> (Thumb, 0 bytes, Stack size unknown bytes, C:\Keil_v5\ARM\ARMCC\Bin\..\lib\armlib\c_w.l(_printf_n.o)(.ARM.Collect$$_printf_percent$$00000001))
<BR><BR>[Calls]<UL><LI><a href="#[fe]">&gt;&gt;</a>&nbsp;&nbsp;&nbsp;_printf_charcount
</UL>

<P><STRONG><a name="[166]"></a>_printf_percent</STRONG> (Thumb, 0 bytes, Stack size unknown bytes, C:\Keil_v5\ARM\ARMCC\Bin\..\lib\armlib\c_w.l(_printf_percent.o)(.ARM.Collect$$_printf_percent$$00000000))
<BR><BR>[Called By]<UL><LI><a href="#[15e]">&gt;&gt;</a>&nbsp;&nbsp;&nbsp;__printf
</UL>

<P><STRONG><a name="[ff]"></a>_printf_p</STRONG> (Thumb, 0 bytes, Stack size unknown bytes, C:\Keil_v5\ARM\ARMCC\Bin\..\lib\armlib\c_w.l(_printf_p.o)(.ARM.Collect$$_printf_percent$$00000002))
<BR><BR>[Stack]<UL><LI>Max Depth = 64 + Unknown Stack Size
<LI>Call Chain = _printf_p &rArr; _printf_hex_ptr &rArr; _printf_longlong_hex &rArr; _printf_int_common &rArr; _printf_post_padding
</UL>
<BR>[Calls]<UL><LI><a href="#[100]">&gt;&gt;</a>&nbsp;&nbsp;&nbsp;_printf_hex_ptr
</UL>

<P><STRONG><a name="[101]"></a>_printf_f</STRONG> (Thumb, 0 bytes, Stack size unknown bytes, C:\Keil_v5\ARM\ARMCC\Bin\..\lib\armlib\c_w.l(_printf_f.o)(.ARM.Collect$$_printf_percent$$00000003))
<BR><BR>[Stack]<UL><LI>Max Depth = 324 + Unknown Stack Size
<LI>Call Chain = _printf_f &rArr; _printf_fp_dec &rArr; _printf_fp_dec_real &rArr; _fp_digits &rArr; _btod_etento &rArr; _btod_emul &rArr; _e2e
</UL>
<BR>[Calls]<UL><LI><a href="#[102]">&gt;&gt;</a>&nbsp;&nbsp;&nbsp;_printf_fp_dec
</UL>

<P><STRONG><a name="[103]"></a>_printf_e</STRONG> (Thumb, 0 bytes, Stack size unknown bytes, C:\Keil_v5\ARM\ARMCC\Bin\..\lib\armlib\c_w.l(_printf_e.o)(.ARM.Collect$$_printf_percent$$00000004))
<BR><BR>[Stack]<UL><LI>Max Depth = 324 + Unknown Stack Size
<LI>Call Chain = _printf_e &rArr; _printf_fp_dec &rArr; _printf_fp_dec_real &rArr; _fp_digits &rArr; _btod_etento &rArr; _btod_emul &rArr; _e2e
</UL>
<BR>[Calls]<UL><LI><a href="#[102]">&gt;&gt;</a>&nbsp;&nbsp;&nbsp;_printf_fp_dec
</UL>

<P><STRONG><a name="[104]"></a>_printf_g</STRONG> (Thumb, 0 bytes, Stack size unknown bytes, C:\Keil_v5\ARM\ARMCC\Bin\..\lib\armlib\c_w.l(_printf_g.o)(.ARM.Collect$$_printf_percent$$00000005))
<BR><BR>[Stack]<UL><LI>Max Depth = 324 + Unknown Stack Size
<LI>Call Chain = _printf_g &rArr; _printf_fp_dec &rArr; _printf_fp_dec_real &rArr; _fp_digits &rArr; _btod_etento &rArr; _btod_emul &rArr; _e2e
</UL>
<BR>[Calls]<UL><LI><a href="#[102]">&gt;&gt;</a>&nbsp;&nbsp;&nbsp;_printf_fp_dec
</UL>

<P><STRONG><a name="[105]"></a>_printf_a</STRONG> (Thumb, 0 bytes, Stack size unknown bytes, C:\Keil_v5\ARM\ARMCC\Bin\..\lib\armlib\c_w.l(_printf_a.o)(.ARM.Collect$$_printf_percent$$00000006))
<BR><BR>[Stack]<UL><LI>Max Depth = 112 + Unknown Stack Size
<LI>Call Chain = _printf_a &rArr; _printf_fp_hex &rArr; _printf_fp_hex_real &rArr; _printf_fp_infnan &rArr; _printf_post_padding
</UL>
<BR>[Calls]<UL><LI><a href="#[106]">&gt;&gt;</a>&nbsp;&nbsp;&nbsp;_printf_fp_hex
</UL>

<P><STRONG><a name="[256]"></a>_printf_ll</STRONG> (Thumb, 0 bytes, Stack size unknown bytes, C:\Keil_v5\ARM\ARMCC\Bin\..\lib\armlib\c_w.l(_printf_ll.o)(.ARM.Collect$$_printf_percent$$00000007))

<P><STRONG><a name="[107]"></a>_printf_i</STRONG> (Thumb, 0 bytes, Stack size unknown bytes, C:\Keil_v5\ARM\ARMCC\Bin\..\lib\armlib\c_w.l(_printf_i.o)(.ARM.Collect$$_printf_percent$$00000008))
<BR><BR>[Stack]<UL><LI>Max Depth = 72 + Unknown Stack Size
<LI>Call Chain = _printf_i &rArr; _printf_int_dec &rArr; _printf_int_common &rArr; _printf_post_padding
</UL>
<BR>[Calls]<UL><LI><a href="#[108]">&gt;&gt;</a>&nbsp;&nbsp;&nbsp;_printf_int_dec
</UL>

<P><STRONG><a name="[109]"></a>_printf_d</STRONG> (Thumb, 0 bytes, Stack size unknown bytes, C:\Keil_v5\ARM\ARMCC\Bin\..\lib\armlib\c_w.l(_printf_d.o)(.ARM.Collect$$_printf_percent$$00000009))
<BR><BR>[Stack]<UL><LI>Max Depth = 72 + Unknown Stack Size
<LI>Call Chain = _printf_d &rArr; _printf_int_dec &rArr; _printf_int_common &rArr; _printf_post_padding
</UL>
<BR>[Calls]<UL><LI><a href="#[108]">&gt;&gt;</a>&nbsp;&nbsp;&nbsp;_printf_int_dec
</UL>

<P><STRONG><a name="[10a]"></a>_printf_u</STRONG> (Thumb, 0 bytes, Stack size unknown bytes, C:\Keil_v5\ARM\ARMCC\Bin\..\lib\armlib\c_w.l(_printf_u.o)(.ARM.Collect$$_printf_percent$$0000000A))
<BR><BR>[Stack]<UL><LI>Max Depth = 72 + Unknown Stack Size
<LI>Call Chain = _printf_u &rArr; _printf_int_dec &rArr; _printf_int_common &rArr; _printf_post_padding
</UL>
<BR>[Calls]<UL><LI><a href="#[108]">&gt;&gt;</a>&nbsp;&nbsp;&nbsp;_printf_int_dec
</UL>

<P><STRONG><a name="[10b]"></a>_printf_o</STRONG> (Thumb, 0 bytes, Stack size unknown bytes, C:\Keil_v5\ARM\ARMCC\Bin\..\lib\armlib\c_w.l(_printf_o.o)(.ARM.Collect$$_printf_percent$$0000000B))
<BR><BR>[Stack]<UL><LI>Max Depth = 64 + Unknown Stack Size
<LI>Call Chain = _printf_o &rArr; _printf_int_oct &rArr; _printf_longlong_oct &rArr; _printf_int_common &rArr; _printf_post_padding
</UL>
<BR>[Calls]<UL><LI><a href="#[10c]">&gt;&gt;</a>&nbsp;&nbsp;&nbsp;_printf_int_oct
</UL>

<P><STRONG><a name="[10d]"></a>_printf_x</STRONG> (Thumb, 0 bytes, Stack size unknown bytes, C:\Keil_v5\ARM\ARMCC\Bin\..\lib\armlib\c_w.l(_printf_x.o)(.ARM.Collect$$_printf_percent$$0000000C))
<BR><BR>[Stack]<UL><LI>Max Depth = 80 + Unknown Stack Size
<LI>Call Chain = _printf_x &rArr; _printf_int_hex &rArr; _printf_longlong_hex &rArr; _printf_int_common &rArr; _printf_post_padding
</UL>
<BR>[Calls]<UL><LI><a href="#[10e]">&gt;&gt;</a>&nbsp;&nbsp;&nbsp;_printf_int_hex
</UL>

<P><STRONG><a name="[10f]"></a>_printf_lli</STRONG> (Thumb, 0 bytes, Stack size unknown bytes, C:\Keil_v5\ARM\ARMCC\Bin\..\lib\armlib\c_w.l(_printf_lli.o)(.ARM.Collect$$_printf_percent$$0000000D))
<BR><BR>[Stack]<UL><LI>Max Depth = 72 + Unknown Stack Size
<LI>Call Chain = _printf_lli &rArr; _printf_longlong_dec &rArr; _printf_int_common &rArr; _printf_post_padding
</UL>
<BR>[Calls]<UL><LI><a href="#[110]">&gt;&gt;</a>&nbsp;&nbsp;&nbsp;_printf_longlong_dec
</UL>

<P><STRONG><a name="[111]"></a>_printf_lld</STRONG> (Thumb, 0 bytes, Stack size unknown bytes, C:\Keil_v5\ARM\ARMCC\Bin\..\lib\armlib\c_w.l(_printf_lld.o)(.ARM.Collect$$_printf_percent$$0000000E))
<BR><BR>[Stack]<UL><LI>Max Depth = 72 + Unknown Stack Size
<LI>Call Chain = _printf_lld &rArr; _printf_longlong_dec &rArr; _printf_int_common &rArr; _printf_post_padding
</UL>
<BR>[Calls]<UL><LI><a href="#[110]">&gt;&gt;</a>&nbsp;&nbsp;&nbsp;_printf_longlong_dec
</UL>

<P><STRONG><a name="[112]"></a>_printf_llu</STRONG> (Thumb, 0 bytes, Stack size unknown bytes, C:\Keil_v5\ARM\ARMCC\Bin\..\lib\armlib\c_w.l(_printf_llu.o)(.ARM.Collect$$_printf_percent$$0000000F))
<BR><BR>[Stack]<UL><LI>Max Depth = 72 + Unknown Stack Size
<LI>Call Chain = _printf_llu &rArr; _printf_longlong_dec &rArr; _printf_int_common &rArr; _printf_post_padding
</UL>
<BR>[Calls]<UL><LI><a href="#[110]">&gt;&gt;</a>&nbsp;&nbsp;&nbsp;_printf_longlong_dec
</UL>

<P><STRONG><a name="[113]"></a>_printf_llo</STRONG> (Thumb, 0 bytes, Stack size unknown bytes, C:\Keil_v5\ARM\ARMCC\Bin\..\lib\armlib\c_w.l(_printf_llo.o)(.ARM.Collect$$_printf_percent$$00000010))
<BR><BR>[Stack]<UL><LI>Max Depth = 56 + Unknown Stack Size
<LI>Call Chain = _printf_llo &rArr; _printf_ll_oct &rArr; _printf_longlong_oct &rArr; _printf_int_common &rArr; _printf_post_padding
</UL>
<BR>[Calls]<UL><LI><a href="#[114]">&gt;&gt;</a>&nbsp;&nbsp;&nbsp;_printf_ll_oct
</UL>

<P><STRONG><a name="[115]"></a>_printf_llx</STRONG> (Thumb, 0 bytes, Stack size unknown bytes, C:\Keil_v5\ARM\ARMCC\Bin\..\lib\armlib\c_w.l(_printf_llx.o)(.ARM.Collect$$_printf_percent$$00000011))
<BR><BR>[Stack]<UL><LI>Max Depth = 64 + Unknown Stack Size
<LI>Call Chain = _printf_llx &rArr; _printf_ll_hex &rArr; _printf_longlong_hex &rArr; _printf_int_common &rArr; _printf_post_padding
</UL>
<BR>[Calls]<UL><LI><a href="#[116]">&gt;&gt;</a>&nbsp;&nbsp;&nbsp;_printf_ll_hex
</UL>

<P><STRONG><a name="[257]"></a>_printf_l</STRONG> (Thumb, 0 bytes, Stack size unknown bytes, C:\Keil_v5\ARM\ARMCC\Bin\..\lib\armlib\c_w.l(_printf_l.o)(.ARM.Collect$$_printf_percent$$00000012))

<P><STRONG><a name="[117]"></a>_printf_c</STRONG> (Thumb, 0 bytes, Stack size unknown bytes, C:\Keil_v5\ARM\ARMCC\Bin\..\lib\armlib\c_w.l(_printf_c.o)(.ARM.Collect$$_printf_percent$$00000013))
<BR><BR>[Stack]<UL><LI>Max Depth = 40 + Unknown Stack Size
<LI>Call Chain = _printf_c &rArr; _printf_char &rArr; _printf_cs_common &rArr; _printf_str &rArr; _printf_post_padding
</UL>
<BR>[Calls]<UL><LI><a href="#[118]">&gt;&gt;</a>&nbsp;&nbsp;&nbsp;_printf_char
</UL>

<P><STRONG><a name="[119]"></a>_printf_s</STRONG> (Thumb, 0 bytes, Stack size unknown bytes, C:\Keil_v5\ARM\ARMCC\Bin\..\lib\armlib\c_w.l(_printf_s.o)(.ARM.Collect$$_printf_percent$$00000014))
<BR><BR>[Stack]<UL><LI>Max Depth = 40 + Unknown Stack Size
<LI>Call Chain = _printf_s &rArr; _printf_string &rArr; _printf_cs_common &rArr; _printf_str &rArr; _printf_post_padding
</UL>
<BR>[Calls]<UL><LI><a href="#[11a]">&gt;&gt;</a>&nbsp;&nbsp;&nbsp;_printf_string
</UL>

<P><STRONG><a name="[11b]"></a>_printf_lc</STRONG> (Thumb, 0 bytes, Stack size unknown bytes, C:\Keil_v5\ARM\ARMCC\Bin\..\lib\armlib\c_w.l(_printf_lc.o)(.ARM.Collect$$_printf_percent$$00000015))
<BR><BR>[Stack]<UL><LI>Max Depth = 88 + Unknown Stack Size
<LI>Call Chain = _printf_lc &rArr; _printf_wchar &rArr; _printf_lcs_common &rArr; _printf_wctomb &rArr; _wcrtomb &rArr; __rt_ctype_table
</UL>
<BR>[Calls]<UL><LI><a href="#[11c]">&gt;&gt;</a>&nbsp;&nbsp;&nbsp;_printf_wchar
</UL>

<P><STRONG><a name="[11d]"></a>_printf_ls</STRONG> (Thumb, 0 bytes, Stack size unknown bytes, C:\Keil_v5\ARM\ARMCC\Bin\..\lib\armlib\c_w.l(_printf_ls.o)(.ARM.Collect$$_printf_percent$$00000016))
<BR><BR>[Stack]<UL><LI>Max Depth = 88 + Unknown Stack Size
<LI>Call Chain = _printf_ls &rArr; _printf_wstring &rArr; _printf_lcs_common &rArr; _printf_wctomb &rArr; _wcrtomb &rArr; __rt_ctype_table
</UL>
<BR>[Calls]<UL><LI><a href="#[11e]">&gt;&gt;</a>&nbsp;&nbsp;&nbsp;_printf_wstring
</UL>

<P><STRONG><a name="[258]"></a>_printf_percent_end</STRONG> (Thumb, 0 bytes, Stack size unknown bytes, C:\Keil_v5\ARM\ARMCC\Bin\..\lib\armlib\c_w.l(_printf_percent_end.o)(.ARM.Collect$$_printf_percent$$00000017))

<P><STRONG><a name="[132]"></a>__rt_lib_init</STRONG> (Thumb, 0 bytes, Stack size unknown bytes, C:\Keil_v5\ARM\ARMCC\Bin\..\lib\armlib\c_w.l(libinit.o)(.ARM.Collect$$libinit$$00000000))
<BR><BR>[Called By]<UL><LI><a href="#[131]">&gt;&gt;</a>&nbsp;&nbsp;&nbsp;__rt_entry_li
</UL>

<P><STRONG><a name="[11f]"></a>__rt_lib_init_fp_1</STRONG> (Thumb, 0 bytes, Stack size unknown bytes, C:\Keil_v5\ARM\ARMCC\Bin\..\lib\armlib\c_w.l(libinit2.o)(.ARM.Collect$$libinit$$00000001))
<BR><BR>[Calls]<UL><LI><a href="#[120]">&gt;&gt;</a>&nbsp;&nbsp;&nbsp;_fp_init
</UL>

<P><STRONG><a name="[121]"></a>__rt_lib_init_heap_2</STRONG> (Thumb, 0 bytes, Stack size unknown bytes, C:\Keil_v5\ARM\ARMCC\Bin\..\lib\armlib\c_w.l(libinit2.o)(.ARM.Collect$$libinit$$00000005))
<BR><BR>[Stack]<UL><LI>Max Depth = 64 + Unknown Stack Size
<LI>Call Chain = __rt_lib_init_heap_2 &rArr; _init_alloc &rArr; __rt_SIGRTMEM &rArr; __rt_SIGRTMEM_inner &rArr; __default_signal_display &rArr; _ttywrch
</UL>
<BR>[Calls]<UL><LI><a href="#[122]">&gt;&gt;</a>&nbsp;&nbsp;&nbsp;_init_alloc
</UL>

<P><STRONG><a name="[259]"></a>__rt_lib_init_preinit_1</STRONG> (Thumb, 0 bytes, Stack size unknown bytes, C:\Keil_v5\ARM\ARMCC\Bin\..\lib\armlib\c_w.l(libinit2.o)(.ARM.Collect$$libinit$$00000004))

<P><STRONG><a name="[25a]"></a>__rt_lib_init_heap_1</STRONG> (Thumb, 0 bytes, Stack size unknown bytes, C:\Keil_v5\ARM\ARMCC\Bin\..\lib\armlib\c_w.l(libinit2.o)(.ARM.Collect$$libinit$$0000000A))

<P><STRONG><a name="[123]"></a>__rt_lib_init_rand_2</STRONG> (Thumb, 0 bytes, Stack size unknown bytes, C:\Keil_v5\ARM\ARMCC\Bin\..\lib\armlib\c_w.l(libinit2.o)(.ARM.Collect$$libinit$$0000000D))
<BR><BR>[Stack]<UL><LI>Max Depth = 8 + Unknown Stack Size
<LI>Call Chain = __rt_lib_init_rand_2 &rArr; _rand_init &rArr; srand
</UL>
<BR>[Calls]<UL><LI><a href="#[124]">&gt;&gt;</a>&nbsp;&nbsp;&nbsp;_rand_init
</UL>

<P><STRONG><a name="[25b]"></a>__rt_lib_init_user_alloc_1</STRONG> (Thumb, 0 bytes, Stack size unknown bytes, C:\Keil_v5\ARM\ARMCC\Bin\..\lib\armlib\c_w.l(libinit2.o)(.ARM.Collect$$libinit$$0000000C))

<P><STRONG><a name="[125]"></a>__rt_lib_init_lc_common</STRONG> (Thumb, 0 bytes, Stack size unknown bytes, C:\Keil_v5\ARM\ARMCC\Bin\..\lib\armlib\c_w.l(libinit2.o)(.ARM.Collect$$libinit$$0000000F))
<BR><BR>[Calls]<UL><LI><a href="#[126]">&gt;&gt;</a>&nbsp;&nbsp;&nbsp;__rt_locale
</UL>

<P><STRONG><a name="[25c]"></a>__rt_lib_init_rand_1</STRONG> (Thumb, 0 bytes, Stack size unknown bytes, C:\Keil_v5\ARM\ARMCC\Bin\..\lib\armlib\c_w.l(libinit2.o)(.ARM.Collect$$libinit$$0000000E))

<P><STRONG><a name="[25d]"></a>__rt_lib_init_lc_collate_1</STRONG> (Thumb, 0 bytes, Stack size unknown bytes, C:\Keil_v5\ARM\ARMCC\Bin\..\lib\armlib\c_w.l(libinit2.o)(.ARM.Collect$$libinit$$00000011))

<P><STRONG><a name="[127]"></a>__rt_lib_init_lc_ctype_2</STRONG> (Thumb, 0 bytes, Stack size unknown bytes, C:\Keil_v5\ARM\ARMCC\Bin\..\lib\armlib\c_w.l(libinit2.o)(.ARM.Collect$$libinit$$00000012))
<BR><BR>[Stack]<UL><LI>Max Depth = 8 + Unknown Stack Size
<LI>Call Chain = __rt_lib_init_lc_ctype_2 &rArr; _get_lc_ctype
</UL>
<BR>[Calls]<UL><LI><a href="#[a4]">&gt;&gt;</a>&nbsp;&nbsp;&nbsp;_get_lc_ctype
</UL>

<P><STRONG><a name="[25e]"></a>__rt_lib_init_lc_ctype_1</STRONG> (Thumb, 0 bytes, Stack size unknown bytes, C:\Keil_v5\ARM\ARMCC\Bin\..\lib\armlib\c_w.l(libinit2.o)(.ARM.Collect$$libinit$$00000013))

<P><STRONG><a name="[25f]"></a>__rt_lib_init_lc_monetary_1</STRONG> (Thumb, 0 bytes, Stack size unknown bytes, C:\Keil_v5\ARM\ARMCC\Bin\..\lib\armlib\c_w.l(libinit2.o)(.ARM.Collect$$libinit$$00000015))

<P><STRONG><a name="[128]"></a>__rt_lib_init_lc_numeric_2</STRONG> (Thumb, 0 bytes, Stack size unknown bytes, C:\Keil_v5\ARM\ARMCC\Bin\..\lib\armlib\c_w.l(libinit2.o)(.ARM.Collect$$libinit$$00000016))
<BR><BR>[Stack]<UL><LI>Max Depth = 8 + Unknown Stack Size
<LI>Call Chain = __rt_lib_init_lc_numeric_2 &rArr; _get_lc_numeric
</UL>
<BR>[Calls]<UL><LI><a href="#[129]">&gt;&gt;</a>&nbsp;&nbsp;&nbsp;_get_lc_numeric
</UL>

<P><STRONG><a name="[260]"></a>__rt_lib_init_atexit_1</STRONG> (Thumb, 0 bytes, Stack size unknown bytes, C:\Keil_v5\ARM\ARMCC\Bin\..\lib\armlib\c_w.l(libinit2.o)(.ARM.Collect$$libinit$$0000001B))

<P><STRONG><a name="[261]"></a>__rt_lib_init_clock_1</STRONG> (Thumb, 0 bytes, Stack size unknown bytes, C:\Keil_v5\ARM\ARMCC\Bin\..\lib\armlib\c_w.l(libinit2.o)(.ARM.Collect$$libinit$$00000021))

<P><STRONG><a name="[262]"></a>__rt_lib_init_fp_trap_1</STRONG> (Thumb, 0 bytes, Stack size unknown bytes, C:\Keil_v5\ARM\ARMCC\Bin\..\lib\armlib\c_w.l(libinit2.o)(.ARM.Collect$$libinit$$0000001F))

<P><STRONG><a name="[263]"></a>__rt_lib_init_getenv_1</STRONG> (Thumb, 0 bytes, Stack size unknown bytes, C:\Keil_v5\ARM\ARMCC\Bin\..\lib\armlib\c_w.l(libinit2.o)(.ARM.Collect$$libinit$$00000023))

<P><STRONG><a name="[264]"></a>__rt_lib_init_lc_numeric_1</STRONG> (Thumb, 0 bytes, Stack size unknown bytes, C:\Keil_v5\ARM\ARMCC\Bin\..\lib\armlib\c_w.l(libinit2.o)(.ARM.Collect$$libinit$$00000017))

<P><STRONG><a name="[265]"></a>__rt_lib_init_lc_time_1</STRONG> (Thumb, 0 bytes, Stack size unknown bytes, C:\Keil_v5\ARM\ARMCC\Bin\..\lib\armlib\c_w.l(libinit2.o)(.ARM.Collect$$libinit$$00000019))

<P><STRONG><a name="[266]"></a>__rt_lib_init_signal_1</STRONG> (Thumb, 0 bytes, Stack size unknown bytes, C:\Keil_v5\ARM\ARMCC\Bin\..\lib\armlib\c_w.l(libinit2.o)(.ARM.Collect$$libinit$$0000001D))

<P><STRONG><a name="[12a]"></a>__rt_lib_init_stdio_2</STRONG> (Thumb, 0 bytes, Stack size unknown bytes, C:\Keil_v5\ARM\ARMCC\Bin\..\lib\armlib\c_w.l(libinit2.o)(.ARM.Collect$$libinit$$00000024))
<BR><BR>[Stack]<UL><LI>Max Depth = 608 + Unknown Stack Size
<LI>Call Chain = __rt_lib_init_stdio_2 &rArr; _initio &rArr; freopen &rArr; _fclose_internal &rArr; _fflush &rArr; _writebuf &rArr; _sys_write &rArr; get_fhc(int) &rArr; __cxa_guard_release &rArr; mbed_assert_internal &rArr; mbed_error_printf &rArr; serial_init &rArr;  mbed_assert_internal (Cycle)
</UL>
<BR>[Calls]<UL><LI><a href="#[12b]">&gt;&gt;</a>&nbsp;&nbsp;&nbsp;_initio
</UL>

<P><STRONG><a name="[267]"></a>__rt_lib_init_alloca_1</STRONG> (Thumb, 0 bytes, Stack size unknown bytes, C:\Keil_v5\ARM\ARMCC\Bin\..\lib\armlib\c_w.l(libinit2.o)(.ARM.Collect$$libinit$$0000002E))

<P><STRONG><a name="[268]"></a>__rt_lib_init_argv_1</STRONG> (Thumb, 0 bytes, Stack size unknown bytes, C:\Keil_v5\ARM\ARMCC\Bin\..\lib\armlib\c_w.l(libinit2.o)(.ARM.Collect$$libinit$$0000002C))

<P><STRONG><a name="[12c]"></a>__rt_lib_init_cpp_2</STRONG> (Thumb, 0 bytes, Stack size unknown bytes, C:\Keil_v5\ARM\ARMCC\Bin\..\lib\armlib\c_w.l(libinit2.o)(.ARM.Collect$$libinit$$00000031))
<BR><BR>[Stack]<UL><LI>Max Depth = 16 + Unknown Stack Size
<LI>Call Chain = __rt_lib_init_cpp_2 &rArr; __cpp_initialize__aeabi_
</UL>
<BR>[Calls]<UL><LI><a href="#[f9]">&gt;&gt;</a>&nbsp;&nbsp;&nbsp;__cpp_initialize__aeabi_
</UL>

<P><STRONG><a name="[269]"></a>__rt_lib_init_exceptions_1</STRONG> (Thumb, 0 bytes, Stack size unknown bytes, C:\Keil_v5\ARM\ARMCC\Bin\..\lib\armlib\c_w.l(libinit2.o)(.ARM.Collect$$libinit$$00000030))

<P><STRONG><a name="[26a]"></a>__rt_lib_init_stdio_1</STRONG> (Thumb, 0 bytes, Stack size unknown bytes, C:\Keil_v5\ARM\ARMCC\Bin\..\lib\armlib\c_w.l(libinit2.o)(.ARM.Collect$$libinit$$00000025))

<P><STRONG><a name="[26b]"></a>__rt_lib_init_cpp_1</STRONG> (Thumb, 0 bytes, Stack size unknown bytes, C:\Keil_v5\ARM\ARMCC\Bin\..\lib\armlib\c_w.l(libinit2.o)(.ARM.Collect$$libinit$$00000032))

<P><STRONG><a name="[26c]"></a>__rt_lib_init_return</STRONG> (Thumb, 0 bytes, Stack size unknown bytes, C:\Keil_v5\ARM\ARMCC\Bin\..\lib\armlib\c_w.l(libinit2.o)(.ARM.Collect$$libinit$$00000033))

<P><STRONG><a name="[fb]"></a>__rt_entry</STRONG> (Thumb, 0 bytes, Stack size unknown bytes, C:\Keil_v5\ARM\ARMCC\Bin\..\lib\armlib\c_w.l(__rtentry.o)(.ARM.Collect$$rtentry$$00000000))
<BR><BR>[Called By]<UL><LI><a href="#[f8]">&gt;&gt;</a>&nbsp;&nbsp;&nbsp;__main
<LI><a href="#[fc]">&gt;&gt;</a>&nbsp;&nbsp;&nbsp;__scatterload_rt2
</UL>

<P><STRONG><a name="[26d]"></a>__rt_entry_presh_1</STRONG> (Thumb, 0 bytes, Stack size unknown bytes, C:\Keil_v5\ARM\ARMCC\Bin\..\lib\armlib\c_w.l(__rtentry2.o)(.ARM.Collect$$rtentry$$00000002))

<P><STRONG><a name="[12d]"></a>__rt_entry_sh</STRONG> (Thumb, 0 bytes, Stack size unknown bytes, C:\Keil_v5\ARM\ARMCC\Bin\..\lib\armlib\c_w.l(__rtentry4.o)(.ARM.Collect$$rtentry$$00000004))
<BR><BR>[Stack]<UL><LI>Max Depth = 8 + Unknown Stack Size
<LI>Call Chain = __rt_entry_sh &rArr; __user_setup_stackheap
</UL>
<BR>[Calls]<UL><LI><a href="#[12e]">&gt;&gt;</a>&nbsp;&nbsp;&nbsp;__user_setup_stackheap
</UL>

<P><STRONG><a name="[26e]"></a>__rt_lib_shutdown_stdio_2</STRONG> (Thumb, 0 bytes, Stack size unknown bytes, C:\Keil_v5\ARM\ARMCC\Bin\..\lib\armlib\c_w.l(libshutdown2.o)(.ARM.Collect$$libshutdown$$00000004))

<P><STRONG><a name="[12f]"></a>__rt_entry_postsh_1</STRONG> (Thumb, 0 bytes, Stack size unknown bytes, C:\Keil_v5\ARM\ARMCC\Bin\..\lib\armlib\c_w.l(__rtentry2.o)(.ARM.Collect$$rtentry$$00000008))
[...]
</UL>
<BR>[Calls]<UL><LI><a href="#[244]">&gt;&gt;</a>&nbsp;&nbsp;&nbsp;mbed::Callback&lang;void()&rang;::Callback&lang;Joystick, Joystick&rang;(T2*, void(T1::*)())
</UL>
<BR>[Called By]<UL><LI><a href="#[207]">&gt;&gt;</a>&nbsp;&nbsp;&nbsp;Joystick::init()
<LI><a href="#[bd]">&gt;&gt;</a>&nbsp;&nbsp;&nbsp;Joystick::button_fall_isr()
</UL>

<P><STRONG><a name="[a6]"></a>CThunk&lang;mbed::SerialBase&rang;::trampoline(mbed::SerialBase*, void*, void(mbed::SerialBase::**)(void*))</STRONG> (Thumb, 54 bytes, Stack size 8 bytes, mbed/TARGET_K64F/TOOLCHAIN_ARM_STD/mbed.ar(SerialBase.o)(t._ZN6CThunkIN4mbed10SerialBaseEE10trampolineEPS1_PvPMS1_FvS4_E))
<BR><BR>[Stack]<UL><LI>Max Depth = 8<LI>Call Chain = CThunk&lang;mbed::SerialBase&rang;::trampoline(mbed::SerialBase*, void*, void(mbed::SerialBase::**)(void*))
</UL>
<BR>[Address Reference Count : 1]<UL><LI> SerialBase.o(i._ZN4mbed10SerialBaseC1E7PinNameS1_i)
</UL>
<P><STRONG><a name="[24a]"></a>__fpl_dcmp_Inf</STRONG> (Thumb, 24 bytes, Stack size 0 bytes, C:\Keil_v5\ARM\ARMCC\Bin\..\lib\armlib\fz_wm.l(dcmpi.o)(x$fpl$dcmpinf), UNUSED)
<BR><BR>[Called By]<UL><LI><a href="#[249]">&gt;&gt;</a>&nbsp;&nbsp;&nbsp;_dcmple
</UL>

<P><STRONG><a name="[233]"></a>__aeabi_ddiv</STRONG> (Thumb, 0 bytes, Stack size 32 bytes, C:\Keil_v5\ARM\ARMCC\Bin\..\lib\armlib\fz_wm.l(ddiv.o)(x$fpl$ddiv))
<BR><BR>[Stack]<UL><LI>Max Depth = 32<LI>Call Chain = __aeabi_ddiv
</UL>
<BR>[Called By]<UL><LI><a href="#[18f]">&gt;&gt;</a>&nbsp;&nbsp;&nbsp;$Super$$main
</UL>

<P><STRONG><a name="[245]"></a>_ddiv</STRONG> (Thumb, 552 bytes, Stack size 32 bytes, C:\Keil_v5\ARM\ARMCC\Bin\..\lib\armlib\fz_wm.l(ddiv.o)(x$fpl$ddiv), UNUSED)
<BR><BR>[Calls]<UL><LI><a href="#[246]">&gt;&gt;</a>&nbsp;&nbsp;&nbsp;__fpl_dretinf
<LI><a href="#[247]">&gt;&gt;</a>&nbsp;&nbsp;&nbsp;__fpl_dnaninf
</UL>

<P><STRONG><a name="[234]"></a>__aeabi_d2iz</STRONG> (Thumb, 0 bytes, Stack size 32 bytes, C:\Keil_v5\ARM\ARMCC\Bin\..\lib\armlib\fz_wm.l(dfix.o)(x$fpl$dfix))
<BR><BR>[Stack]<UL><LI>Max Depth = 32<LI>Call Chain = __aeabi_d2iz
</UL>
<BR>[Called By]<UL><LI><a href="#[18f]">&gt;&gt;</a>&nbsp;&nbsp;&nbsp;$Super$$main
</UL>

<P><STRONG><a name="[248]"></a>_dfix</STRONG> (Thumb, 94 bytes, Stack size 32 bytes, C:\Keil_v5\ARM\ARMCC\Bin\..\lib\armlib\fz_wm.l(dfix.o)(x$fpl$dfix), UNUSED)
<BR><BR>[Calls]<UL><LI><a href="#[247]">&gt;&gt;</a>&nbsp;&nbsp;&nbsp;__fpl_dnaninf
</UL>

<P><STRONG><a name="[231]"></a>__aeabi_i2d</STRONG> (Thumb, 0 bytes, Stack size 0 bytes, C:\Keil_v5\ARM\ARMCC\Bin\..\lib\armlib\fz_wm.l(dflt_clz.o)(x$fpl$dflt))
<BR><BR>[Called By]<UL><LI><a href="#[18f]">&gt;&gt;</a>&nbsp;&nbsp;&nbsp;$Super$$main
</UL>

<P><STRONG><a name="[29e]"></a>_dflt</STRONG> (Thumb, 46 bytes, Stack size 0 bytes, C:\Keil_v5\ARM\ARMCC\Bin\..\lib\armlib\fz_wm.l(dflt_clz.o)(x$fpl$dflt), UNUSED)

<P><STRONG><a name="[22e]"></a>__aeabi_cdcmple</STRONG> (Thumb, 0 bytes, Stack size 32 bytes, C:\Keil_v5\ARM\ARMCC\Bin\..\lib\armlib\fz_wm.l(dleqf.o)(x$fpl$dleqf))
<BR><BR>[Stack]<UL><LI>Max Depth = 32<LI>Call Chain = __aeabi_cdcmple
</UL>
<BR>[Called By]<UL><LI><a href="#[18f]">&gt;&gt;</a>&nbsp;&nbsp;&nbsp;$Super$$main
</UL>

<P><STRONG><a name="[249]"></a>_dcmple</STRONG> (Thumb, 120 bytes, Stack size 32 bytes, C:\Keil_v5\ARM\ARMCC\Bin\..\lib\armlib\fz_wm.l(dleqf.o)(x$fpl$dleqf), UNUSED)
<BR><BR>[Calls]<UL><LI><a href="#[247]">&gt;&gt;</a>&nbsp;&nbsp;&nbsp;__fpl_dnaninf
<LI><a href="#[24a]">&gt;&gt;</a>&nbsp;&nbsp;&nbsp;__fpl_dcmp_Inf
</UL>

<P><STRONG><a name="[24d]"></a>__fpl_dcmple_InfNaN</STRONG> (Thumb, 0 bytes, Stack size unknown bytes, C:\Keil_v5\ARM\ARMCC\Bin\..\lib\armlib\fz_wm.l(dleqf.o)(x$fpl$dleqf), UNUSED)
<BR><BR>[Called By]<UL><LI><a href="#[24c]">&gt;&gt;</a>&nbsp;&nbsp;&nbsp;_drcmple
</UL>

<P><STRONG><a name="[232]"></a>__aeabi_dmul</STRONG> (Thumb, 0 bytes, Stack size 32 bytes, C:\Keil_v5\ARM\ARMCC\Bin\..\lib\armlib\fz_wm.l(dmul.o)(x$fpl$dmul))
<BR><BR>[Stack]<UL><LI>Max Depth = 32<LI>Call Chain = __aeabi_dmul
</UL>
<BR>[Called By]<UL><LI><a href="#[18f]">&gt;&gt;</a>&nbsp;&nbsp;&nbsp;$Super$$main
</UL>

<P><STRONG><a name="[24b]"></a>_dmul</STRONG> (Thumb, 332 bytes, Stack size 32 bytes, C:\Keil_v5\ARM\ARMCC\Bin\..\lib\armlib\fz_wm.l(dmul.o)(x$fpl$dmul), UNUSED)
<BR><BR>[Calls]<UL><LI><a href="#[246]">&gt;&gt;</a>&nbsp;&nbsp;&nbsp;__fpl_dretinf
<LI><a href="#[247]">&gt;&gt;</a>&nbsp;&nbsp;&nbsp;__fpl_dnaninf
</UL>

<P><STRONG><a name="[247]"></a>__fpl_dnaninf</STRONG> (Thumb, 156 bytes, Stack size 16 bytes, C:\Keil_v5\ARM\ARMCC\Bin\..\lib\armlib\fz_wm.l(dnaninf.o)(x$fpl$dnaninf), UNUSED)
<BR><BR>[Called By]<UL><LI><a href="#[24b]">&gt;&gt;</a>&nbsp;&nbsp;&nbsp;_dmul
<LI><a href="#[249]">&gt;&gt;</a>&nbsp;&nbsp;&nbsp;_dcmple
<LI><a href="#[248]">&gt;&gt;</a>&nbsp;&nbsp;&nbsp;_dfix
<LI><a href="#[245]">&gt;&gt;</a>&nbsp;&nbsp;&nbsp;_ddiv
</UL>

<P><STRONG><a name="[246]"></a>__fpl_dretinf</STRONG> (Thumb, 12 bytes, Stack size 0 bytes, C:\Keil_v5\ARM\ARMCC\Bin\..\lib\armlib\fz_wm.l(dretinf.o)(x$fpl$dretinf), UNUSED)
<BR><BR>[Called By]<UL><LI><a href="#[24e]">&gt;&gt;</a>&nbsp;&nbsp;&nbsp;_f2d
<LI><a href="#[24b]">&gt;&gt;</a>&nbsp;&nbsp;&nbsp;_dmul
<LI><a href="#[245]">&gt;&gt;</a>&nbsp;&nbsp;&nbsp;_ddiv
</UL>

<P><STRONG><a name="[22f]"></a>__aeabi_cdrcmple</STRONG> (Thumb, 0 bytes, Stack size 16 bytes, C:\Keil_v5\ARM\ARMCC\Bin\..\lib\armlib\fz_wm.l(drleqf.o)(x$fpl$drleqf))
<BR><BR>[Stack]<UL><LI>Max Depth = 16<LI>Call Chain = __aeabi_cdrcmple
</UL>
<BR>[Called By]<UL><LI><a href="#[18f]">&gt;&gt;</a>&nbsp;&nbsp;&nbsp;$Super$$main
</UL>

<P><STRONG><a name="[24c]"></a>_drcmple</STRONG> (Thumb, 108 bytes, Stack size 16 bytes, C:\Keil_v5\ARM\ARMCC\Bin\..\lib\armlib\fz_wm.l(drleqf.o)(x$fpl$drleqf), UNUSED)
<BR><BR>[Calls]<UL><LI><a href="#[24d]">&gt;&gt;</a>&nbsp;&nbsp;&nbsp;__fpl_dcmple_InfNaN
</UL>

<P><STRONG><a name="[22d]"></a>__aeabi_f2d</STRONG> (Thumb, 0 bytes, Stack size 16 bytes, C:\Keil_v5\ARM\ARMCC\Bin\..\lib\armlib\fz_wm.l(f2d.o)(x$fpl$f2d))
<BR><BR>[Stack]<UL><LI>Max Depth = 16<LI>Call Chain = __aeabi_f2d
</UL>
<BR>[Called By]<UL><LI><a href="#[18f]">&gt;&gt;</a>&nbsp;&nbsp;&nbsp;$Super$$main
</UL>

<P><STRONG><a name="[24e]"></a>_f2d</STRONG> (Thumb, 86 bytes, Stack size 16 bytes, C:\Keil_v5\ARM\ARMCC\Bin\..\lib\armlib\fz_wm.l(f2d.o)(x$fpl$f2d), UNUSED)
<BR><BR>[Calls]<UL><LI><a href="#[24f]">&gt;&gt;</a>&nbsp;&nbsp;&nbsp;__fpl_fnaninf
<LI><a href="#[246]">&gt;&gt;</a>&nbsp;&nbsp;&nbsp;__fpl_dretinf
</UL>

<P><STRONG><a name="[24f]"></a>__fpl_fnaninf</STRONG> (Thumb, 140 bytes, Stack size 8 bytes, C:\Keil_v5\ARM\ARMCC\Bin\..\lib\armlib\fz_wm.l(fnaninf.o)(x$fpl$fnaninf), UNUSED)
<BR><BR>[Called By]<UL><LI><a href="#[250]">&gt;&gt;</a>&nbsp;&nbsp;&nbsp;_ll_ufrom_f
<LI><a href="#[24e]">&gt;&gt;</a>&nbsp;&nbsp;&nbsp;_f2d
</UL>

<P><STRONG><a name="[120]"></a>_fp_init</STRONG> (Thumb, 10 bytes, Stack size 0 bytes, C:\Keil_v5\ARM\ARMCC\Bin\..\lib\armlib\fz_wm.l(fpinit.o)(x$fpl$fpinit))
<BR><BR>[Called By]<UL><LI><a href="#[11f]">&gt;&gt;</a>&nbsp;&nbsp;&nbsp;__rt_lib_init_fp_1
</UL>

<P><STRONG><a name="[29f]"></a>__fplib_config_fpu_vfp</STRONG> (Thumb, 0 bytes, Stack size unknown bytes, C:\Keil_v5\ARM\ARMCC\Bin\..\lib\armlib\fz_wm.l(fpinit.o)(x$fpl$fpinit), UNUSED)

<P><STRONG><a name="[2a0]"></a>__fplib_config_pureend_doubles</STRONG> (Thumb, 0 bytes, Stack size unknown bytes, C:\Keil_v5\ARM\ARMCC\Bin\..\lib\armlib\fz_wm.l(fpinit.o)(x$fpl$fpinit), UNUSED)

<P><STRONG><a name="[206]"></a>__aeabi_f2ulz</STRONG> (Thumb, 0 bytes, Stack size 16 bytes, C:\Keil_v5\ARM\ARMCC\Bin\..\lib\armlib\fz_wm.l(ffixull.o)(x$fpl$llufromf))
<BR><BR>[Stack]<UL><LI>Max Depth = 16<LI>Call Chain = __aeabi_f2ulz
</UL>
<BR>[Called By]<UL><LI><a href="#[bd]">&gt;&gt;</a>&nbsp;&nbsp;&nbsp;Joystick::button_fall_isr()
</UL>

<P><STRONG><a name="[250]"></a>_ll_ufrom_f</STRONG> (Thumb, 92 bytes, Stack size 16 bytes, C:\Keil_v5\ARM\ARMCC\Bin\..\lib\armlib\fz_wm.l(ffixull.o)(x$fpl$llufromf), UNUSED)
<BR><BR>[Calls]<UL><LI><a href="#[24f]">&gt;&gt;</a>&nbsp;&nbsp;&nbsp;__fpl_fnaninf
</UL>

<P><STRONG><a name="[102]"></a>_printf_fp_dec</STRONG> (Thumb, 4 bytes, Stack size 0 bytes, C:\Keil_v5\ARM\ARMCC\Bin\..\lib\armlib\fz_wm.l(printf1.o)(x$fpl$printf1))
<BR><BR>[Stack]<UL><LI>Max Depth = 324<LI>Call Chain = _printf_fp_dec &rArr; _printf_fp_dec_real &rArr; _fp_digits &rArr; _btod_etento &rArr; _btod_emul &rArr; _e2e
</UL>
<BR>[Calls]<UL><LI><a href="#[17c]">&gt;&gt;</a>&nbsp;&nbsp;&nbsp;_printf_fp_dec_real
</UL>
<BR>[Called By]<UL><LI><a href="#[104]">&gt;&gt;</a>&nbsp;&nbsp;&nbsp;_printf_g
<LI><a href="#[103]">&gt;&gt;</a>&nbsp;&nbsp;&nbsp;_printf_e
<LI><a href="#[101]">&gt;&gt;</a>&nbsp;&nbsp;&nbsp;_printf_f
</UL>

<P><STRONG><a name="[106]"></a>_printf_fp_hex</STRONG> (Thumb, 4 bytes, Stack size 0 bytes, C:\Keil_v5\ARM\ARMCC\Bin\..\lib\armlib\fz_wm.l(printf2.o)(x$fpl$printf2))
<BR><BR>[Stack]<UL><LI>Max Depth = 112<LI>Call Chain = _printf_fp_hex &rArr; _printf_fp_hex_real &rArr; _printf_fp_infnan &rArr; _printf_post_padding
</UL>
<BR>[Calls]<UL><LI><a href="#[17f]">&gt;&gt;</a>&nbsp;&nbsp;&nbsp;_printf_fp_hex_real
</UL>
<BR>[Called By]<UL><LI><a href="#[105]">&gt;&gt;</a>&nbsp;&nbsp;&nbsp;_printf_a
</UL>
<P>
<H3>
Local Symbols
</H3>
<P><STRONG><a name="[f7]"></a>__sti___8_main_cpp_joystick</STRONG> (Thumb, 598 bytes, Stack size 56 bytes, .\build\main.o(i.__sti___8_main_cpp_joystick))
<BR><BR>[Stack]<UL><LI>Max Depth = 840 + Unknown Stack Size
<LI>Call Chain = __sti___8_main_cpp_joystick &rArr; RGBmatrixPanel::RGBmatrixPanel(PinName, PinName, PinName, PinName, PinName, PinName, PinName, PinName, PinName, PinName, PinName, PinName, bool) &rArr; Adafruit_GFX::Adafruit_GFX__sub_object(short, short) &rArr; mbed::Stream::Stream__sub_object(const char*) &rArr; mbed::fdopen(mbed::FileHandle*, const char*) &rArr; fopen &rArr; freopen &rArr; _fclose_internal &rArr; _fflush &rArr; _writebuf &rArr; _sys_write &rArr; get_fhc(int) &rArr; __cxa_guard_release &rArr; mbed_assert_internal &rArr; mbed_error_printf &rArr; serial_init &rArr;  mbed_assert_internal (Cycle)
</UL>
<BR>[Calls]<UL><LI><a href="#[20b]">&gt;&gt;</a>&nbsp;&nbsp;&nbsp;pwmout_init
<LI><a href="#[1cb]">&gt;&gt;</a>&nbsp;&nbsp;&nbsp;gpio_init_out
<LI><a href="#[1d6]">&gt;&gt;</a>&nbsp;&nbsp;&nbsp;core_util_critical_section_exit
<LI><a href="#[1d3]">&gt;&gt;</a>&nbsp;&nbsp;&nbsp;core_util_critical_section_enter
<LI><a href="#[1bc]">&gt;&gt;</a>&nbsp;&nbsp;&nbsp;__aeabi_atexit
<LI><a href="#[20a]">&gt;&gt;</a>&nbsp;&nbsp;&nbsp;Joystick::Joystick(PinName, PinName, PinName)
<LI><a href="#[1ed]">&gt;&gt;</a>&nbsp;&nbsp;&nbsp;mbed::Serial::Serial(PinName, PinName, const char*, int)
<LI><a href="#[1c6]">&gt;&gt;</a>&nbsp;&nbsp;&nbsp;RGBmatrixPanel::RGBmatrixPanel(PinName, PinName, PinName, PinName, PinName, PinName, PinName, PinName, PinName, PinName, PinName, PinName, bool)
</UL>
<BR>[Address Reference Count : 1]<UL><LI> main.o(.init_array)
</UL>
<P><STRONG><a name="[19d]"></a>CLOCK_GetFllRefClkFreq</STRONG> (Thumb, 142 bytes, Stack size 8 bytes, mbed/TARGET_K64F/TOOLCHAIN_ARM_STD/fsl_clock.o(i.CLOCK_GetFllRefClkFreq))
<BR><BR>[Stack]<UL><LI>Max Depth = 8 + In Cycle
<LI>Call Chain = CLOCK_GetFllRefClkFreq &rArr;  __aeabi_assert (Cycle)
</UL>
<BR>[Calls]<UL><LI><a href="#[14d]">&gt;&gt;</a>&nbsp;&nbsp;&nbsp;__aeabi_assert
</UL>
<BR>[Called By]<UL><LI><a href="#[19f]">&gt;&gt;</a>&nbsp;&nbsp;&nbsp;CLOCK_GetOutClkFreq
<LI><a href="#[19e]">&gt;&gt;</a>&nbsp;&nbsp;&nbsp;CLOCK_GetFreq
</UL>

<P><STRONG><a name="[224]"></a>handle_interrupt_in</STRONG> (Thumb, 122 bytes, Stack size 56 bytes, mbed/TARGET_K64F/TOOLCHAIN_ARM_STD/gpio_irq_api.o(i.handle_interrupt_in))
<BR><BR>[Stack]<UL><LI>Max Depth = 56<LI>Call Chain = handle_interrupt_in
</UL>
<BR>[Called By]<UL><LI><a href="#[b4]">&gt;&gt;</a>&nbsp;&nbsp;&nbsp;gpio_irqE
<LI><a href="#[b3]">&gt;&gt;</a>&nbsp;&nbsp;&nbsp;gpio_irqD
<LI><a href="#[b2]">&gt;&gt;</a>&nbsp;&nbsp;&nbsp;gpio_irqC
<LI><a href="#[b1]">&gt;&gt;</a>&nbsp;&nbsp;&nbsp;gpio_irqB
<LI><a href="#[b0]">&gt;&gt;</a>&nbsp;&nbsp;&nbsp;gpio_irqA
</UL>

<P><STRONG><a name="[1b1]"></a>reserve_filehandle()</STRONG> (Thumb, 154 bytes, Stack size 16 bytes, mbed/TARGET_K64F/TOOLCHAIN_ARM_STD/mbed_retarget.o(i._Z18reserve_filehandlev))
<BR><BR>[Stack]<UL><LI>Max Depth = 456 + Unknown Stack Size
<LI>Call Chain = reserve_filehandle() &rArr; mbed_assert_internal &rArr; mbed_error_printf &rArr; serial_init &rArr;  mbed_assert_internal (Cycle)
</UL>
<BR>[Calls]<UL><LI><a href="#[1b2]">&gt;&gt;</a>&nbsp;&nbsp;&nbsp;mbed_assert_internal
<LI><a href="#[182]">&gt;&gt;</a>&nbsp;&nbsp;&nbsp;__aeabi_errno_addr
</UL>
<BR>[Called By]<UL><LI><a href="#[210]">&gt;&gt;</a>&nbsp;&nbsp;&nbsp;open
<LI><a href="#[1f0]">&gt;&gt;</a>&nbsp;&nbsp;&nbsp;mbed::fdopen(mbed::FileHandle*, const char*)
</UL>

<P><STRONG><a name="[1b6]"></a>get_fhc(int)</STRONG> (Thumb, 140 bytes, Stack size 24 bytes, mbed/TARGET_K64F/TOOLCHAIN_ARM_STD/mbed_retarget.o(i._Z7get_fhci))
<BR><BR>[Stack]<UL><LI>Max Depth = 472 + Unknown Stack Size
<LI>Call Chain = get_fhc(int) &rArr; __cxa_guard_release &rArr; mbed_assert_internal &rArr; mbed_error_printf &rArr; serial_init &rArr;  mbed_assert_internal (Cycle)
</UL>
<BR>[Calls]<UL><LI><a href="#[1bc]">&gt;&gt;</a>&nbsp;&nbsp;&nbsp;__aeabi_atexit
<LI><a href="#[1b8]">&gt;&gt;</a>&nbsp;&nbsp;&nbsp;mbed::mbed_target_override_console(int)
<LI><a href="#[1b7]">&gt;&gt;</a>&nbsp;&nbsp;&nbsp;mbed::mbed_override_console(int)
<LI><a href="#[1bb]">&gt;&gt;</a>&nbsp;&nbsp;&nbsp;serial_baud
<LI><a href="#[1bd]">&gt;&gt;</a>&nbsp;&nbsp;&nbsp;__cxa_guard_release
<LI><a href="#[1b9]">&gt;&gt;</a>&nbsp;&nbsp;&nbsp;__cxa_guard_acquire
<LI><a href="#[1ba]">&gt;&gt;</a>&nbsp;&nbsp;&nbsp;serial_init
</UL>
<BR>[Called By]<UL><LI><a href="#[16f]">&gt;&gt;</a>&nbsp;&nbsp;&nbsp;_sys_write
<LI><a href="#[16e]">&gt;&gt;</a>&nbsp;&nbsp;&nbsp;_sys_seek
<LI><a href="#[146]">&gt;&gt;</a>&nbsp;&nbsp;&nbsp;_sys_open
<LI><a href="#[16b]">&gt;&gt;</a>&nbsp;&nbsp;&nbsp;_sys_istty
<LI><a href="#[16a]">&gt;&gt;</a>&nbsp;&nbsp;&nbsp;_sys_flen
<LI><a href="#[14b]">&gt;&gt;</a>&nbsp;&nbsp;&nbsp;_sys_close
<LI><a href="#[1f0]">&gt;&gt;</a>&nbsp;&nbsp;&nbsp;mbed::fdopen(mbed::FileHandle*, const char*)
</UL>

<P><STRONG><a name="[bb]"></a>pit_isr</STRONG> (Thumb, 44 bytes, Stack size 0 bytes, mbed/TARGET_K64F/TOOLCHAIN_ARM_STD/us_ticker.o(i.pit_isr))
<BR><BR>[Calls]<UL><LI><a href="#[23c]">&gt;&gt;</a>&nbsp;&nbsp;&nbsp;us_ticker_irq_handler
</UL>
<BR>[Address Reference Count : 1]<UL><LI> us_ticker.o(i.us_ticker_init)
</UL>
<P><STRONG><a name="[a7]"></a>&lang;Func3&rang;</STRONG> (Thumb, 12 bytes, Stack size 0 bytes, mbed/TARGET_K64F/TOOLCHAIN_ARM_STD/mbed.ar(SerialBase.o)(i.<Func3>))
<BR>[Address Reference Count : 1]<UL><LI> SerialBase.o(i._ZN4mbed10SerialBaseC1E7PinNameS1_i)
</UL>
<P><STRONG><a name="[227]"></a>initialize</STRONG> (Thumb, 246 bytes, Stack size 40 bytes, mbed/TARGET_K64F/TOOLCHAIN_ARM_STD/mbed.ar(mbed_ticker_api.o)(i.initialize))
<BR><BR>[Stack]<UL><LI>Max Depth = 160 + In Cycle
<LI>Call Chain = initialize &rArr;  mbed_assert_internal (Cycle)
</UL>
<BR>[Calls]<UL><LI><a href="#[1b2]">&gt;&gt;</a>&nbsp;&nbsp;&nbsp;mbed_assert_internal
<LI><a href="#[229]">&gt;&gt;</a>&nbsp;&nbsp;&nbsp;__aeabi_llsl
<LI><a href="#[228]">&gt;&gt;</a>&nbsp;&nbsp;&nbsp;__aeabi_uldivmod
<LI><a href="#[22a]">&gt;&gt;</a>&nbsp;&nbsp;&nbsp;update_present_time
<LI><a href="#[22b]">&gt;&gt;</a>&nbsp;&nbsp;&nbsp;schedule_interrupt
</UL>
<BR>[Called By]<UL><LI><a href="#[242]">&gt;&gt;</a>&nbsp;&nbsp;&nbsp;ticker_read
<LI><a href="#[1de]">&gt;&gt;</a>&nbsp;&nbsp;&nbsp;ticker_set_handler
<LI><a href="#[1f4]">&gt;&gt;</a>&nbsp;&nbsp;&nbsp;ticker_read_us
</UL>

<P><STRONG><a name="[22b]"></a>schedule_interrupt</STRONG> (Thumb, 254 bytes, Stack size 32 bytes, mbed/TARGET_K64F/TOOLCHAIN_ARM_STD/mbed.ar(mbed_ticker_api.o)(i.schedule_interrupt))
<BR><BR>[Stack]<UL><LI>Max Depth = 120<LI>Call Chain = schedule_interrupt &rArr; update_present_time &rArr; __aeabi_uldivmod
</UL>
<BR>[Calls]<UL><LI><a href="#[229]">&gt;&gt;</a>&nbsp;&nbsp;&nbsp;__aeabi_llsl
<LI><a href="#[228]">&gt;&gt;</a>&nbsp;&nbsp;&nbsp;__aeabi_uldivmod
<LI><a href="#[22a]">&gt;&gt;</a>&nbsp;&nbsp;&nbsp;update_present_time
</UL>
<BR>[Called By]<UL><LI><a href="#[227]">&gt;&gt;</a>&nbsp;&nbsp;&nbsp;initialize
<LI><a href="#[11]">&gt;&gt;</a>&nbsp;&nbsp;&nbsp;ticker_irq_handler
<LI><a href="#[1db]">&gt;&gt;</a>&nbsp;&nbsp;&nbsp;ticker_remove_event
<LI><a href="#[1d9]">&gt;&gt;</a>&nbsp;&nbsp;&nbsp;ticker_insert_event_us
</UL>

<P><STRONG><a name="[22a]"></a>update_present_time</STRONG> (Thumb, 252 bytes, Stack size 40 bytes, mbed/TARGET_K64F/TOOLCHAIN_ARM_STD/mbed.ar(mbed_ticker_api.o)(i.update_present_time))
<BR><BR>[Stack]<UL><LI>Max Depth = 88<LI>Call Chain = update_present_time &rArr; __aeabi_uldivmod
</UL>
<BR>[Calls]<UL><LI><a href="#[243]">&gt;&gt;</a>&nbsp;&nbsp;&nbsp;__aeabi_llsr
<LI><a href="#[229]">&gt;&gt;</a>&nbsp;&nbsp;&nbsp;__aeabi_llsl
<LI><a href="#[228]">&gt;&gt;</a>&nbsp;&nbsp;&nbsp;__aeabi_uldivmod
</UL>
<BR>[Called By]<UL><LI><a href="#[242]">&gt;&gt;</a>&nbsp;&nbsp;&nbsp;ticker_read
<LI><a href="#[22b]">&gt;&gt;</a>&nbsp;&nbsp;&nbsp;schedule_interrupt
<LI><a href="#[227]">&gt;&gt;</a>&nbsp;&nbsp;&nbsp;initialize
<LI><a href="#[11]">&gt;&gt;</a>&nbsp;&nbsp;&nbsp;ticker_irq_handler
<LI><a href="#[1d9]">&gt;&gt;</a>&nbsp;&nbsp;&nbsp;ticker_insert_event_us
<LI><a href="#[1f4]">&gt;&gt;</a>&nbsp;&nbsp;&nbsp;ticker_read_us
</UL>

<P><STRONG><a name="[21c]"></a>handle_error</STRONG> (Thumb, 106 bytes, Stack size 40 bytes, mbed/TARGET_K64F/TOOLCHAIN_ARM_STD/mbed.ar(mbed_error.o)(i.handle_error))
<BR><BR>[Stack]<UL><LI>Max Depth = 48<LI>Call Chain = handle_error &rArr; core_util_critical_section_exit &rArr; hal_critical_section_exit &rArr;  mbed_assert_internal (Cycle)
</UL>
<BR>[Calls]<UL><LI><a href="#[1d6]">&gt;&gt;</a>&nbsp;&nbsp;&nbsp;core_util_critical_section_exit
<LI><a href="#[1d3]">&gt;&gt;</a>&nbsp;&nbsp;&nbsp;core_util_critical_section_enter
</UL>
<BR>[Called By]<UL><LI><a href="#[21b]">&gt;&gt;</a>&nbsp;&nbsp;&nbsp;error
<LI><a href="#[1f1]">&gt;&gt;</a>&nbsp;&nbsp;&nbsp;mbed_error
</UL>

<P><STRONG><a name="[21d]"></a>print_error_report</STRONG> (Thumb, 158 bytes, Stack size 24 bytes, mbed/TARGET_K64F/TOOLCHAIN_ARM_STD/mbed.ar(mbed_error.o)(i.print_error_report))
<BR><BR>[Stack]<UL><LI>Max Depth = 24 + In Cycle
<LI>Call Chain = print_error_report &rArr;  mbed_error_printf (Cycle)
</UL>
<BR>[Calls]<UL><LI><a href="#[236]">&gt;&gt;</a>&nbsp;&nbsp;&nbsp;mbed_error_printf
</UL>
<BR>[Called By]<UL><LI><a href="#[21b]">&gt;&gt;</a>&nbsp;&nbsp;&nbsp;error
<LI><a href="#[1f1]">&gt;&gt;</a>&nbsp;&nbsp;&nbsp;mbed_error
</UL>

<P><STRONG><a name="[a2]"></a>_printf_input_char</STRONG> (Thumb, 10 bytes, Stack size 0 bytes, C:\Keil_v5\ARM\ARMCC\Bin\..\lib\armlib\c_w.l(_printf_char_common.o)(.text))
<BR>[Address Reference Count : 1]<UL><LI> _printf_char_common.o(.text)
</UL>
<P><STRONG><a name="[177]"></a>_fp_digits</STRONG> (Thumb, 432 bytes, Stack size 96 bytes, C:\Keil_v5\ARM\ARMCC\Bin\..\lib\armlib\c_w.l(_printf_fp_dec.o)(.text))
<BR><BR>[Stack]<UL><LI>Max Depth = 220<LI>Call Chain = _fp_digits &rArr; _btod_etento &rArr; _btod_emul &rArr; _e2e
</UL>
<BR>[Calls]<UL><LI><a href="#[178]">&gt;&gt;</a>&nbsp;&nbsp;&nbsp;_btod_etento
<LI><a href="#[162]">&gt;&gt;</a>&nbsp;&nbsp;&nbsp;_ll_udiv10
<LI><a href="#[17b]">&gt;&gt;</a>&nbsp;&nbsp;&nbsp;_btod_emul
<LI><a href="#[17a]">&gt;&gt;</a>&nbsp;&nbsp;&nbsp;_btod_ediv
<LI><a href="#[179]">&gt;&gt;</a>&nbsp;&nbsp;&nbsp;_btod_d2e
</UL>
<BR>[Called By]<UL><LI><a href="#[17c]">&gt;&gt;</a>&nbsp;&nbsp;&nbsp;_printf_fp_dec_real
</UL>
<P>
<H3>
Undefined Global Symbols
</H3><HR></body></html>
